[web/index.html]
[backblue.gif]
[fade.gif]
[index.html]
[web/facebook-dws.jpg]
[web/twitter-dws.jpg]
[web/mstile-144x144.png]
[web/mstile-70x70.png]
[web/mstile-150x150.png]
[web/favicon-16x16.png]
[web/favicon-32x32.png]
[web/favicon-96x96.png]
[web/favicon-128x128.png]
[web/favicon-196x196.png]
[web/apple-touch-icon-57x57.png]
[web/apple-touch-icon-60x60.png]
[web/apple-touch-icon-72x72.png]
[web/apple-touch-icon-76x76.png]
[web/apple-touch-icon-114x114.png]
[web/apple-touch-icon-120x120.png]
[web/apple-touch-icon-144x144.png]
[web/apple-touch-icon-152x152.png]
[web/apple-touch-icon-180x180.png]
[web/main.2906200724.css]
[web/timed-contenta4b6.css]
[web/jqueryb8ff.js]
[web/jquery-migrate.min330a.js]
[web/timed-contenta4b6.js]
[web/headanimbig.png]
[web/headanimsmall.png]
[web/dioda_2560.png]
[web/movie-poster.png]
[web/colors-top-mobile.png]
[web/colors-bottom-mobile.png]
[web/colors-top.png]
[web/colors-bottom.png]
[web/home-kit-mobile-us.jpg]
[web/home-kit-us.jpg]
[web/siri-mobile-2.jpg]
[web/never-forget-mobile.jpg]
[web/never-forget.jpg]
[web/smart-heating-mobile.jpg]
[web/smart-heating.jpg]
[web/back-home-mobile.jpg]
[web/back-home.jpg]
[web/notifications-mobile-2.jpg]
[web/notifications-1.jpg]
[web/security-mobile-1.jpg]
[web/security-1.jpg]
[web/tamper-mobile-us.jpg]
[web/tamper-us.jpg]
[web/rain-mobile.jpg]
[web/rain.jpg]
[web/smartwatch.jpg]
[web/control-pets-mobile.jpg]
[web/control-pets.jpg]
[web/under-control-mobile.jpg]
[web/under-control.jpg]
[web/cellar-mobile.jpg]
[web/cellar.jpg]
[web/safety-gate-mobile.jpg]
[web/safety-gate.jpg]
[web/nav-dimmer.jpg]
[web/nav-relay.jpg]
[web/nav-rgbw-1.jpg]
[web/ikona_wp_us_menu.jpg]
[web/nav_smartimplant.png]
[web/nav-motion.jpg]
[web/nav-dws.jpg]
[web/nav-flood.jpg]
[web/nav-keyfob.jpg]
[web/nav-button.jpg]
[web/nav-swipe.jpg]
[web/nav_app.jpg]
[web/nav-hc2.jpg]
[web/nav-hcl.jpg]
[web/nav-fibaro.png]
[web/nav-smartthings.png]
[web/nav-homekit.png]
[web/connection-anim8.gif]
[web/4func-product.png]
[web/door-anim.jpg]
[web/notifications-phone-2.png]
[web/security-phone.png]
[web/choose-homekit-dws-us.png]
[web/choose-zwave-dws-us.png]
[web/smart-home-system.png]
[web/vendor.1912191358.js]
[web/main.2110191037.js]
[web/main-door-window-sensor.2211170905.js]
[web/index.html]
[web/mstile-144x144.html]
[web/cant-find.png]
[web/second-nav-bg.png]
[web/main.2906200724.css]
[web/timed-contenta4b6.css]
[web/gtm5445.html]
[web/cant-find.html]
