[web/index.html]
[web/autoptimize_ac555af369ac918e3561733dc8c69923.css]
[backblue.gif]
[fade.gif]
[index.html]
[web/use-cases-lighting-header.jpg]
[web/mstile-144x144.png]
[web/mstile-70x70.png]
[web/mstile-150x150.png]
[web/favicon-16x16.png]
[web/favicon-32x32.png]
[web/favicon-96x96.png]
[web/favicon-128x128.png]
[web/favicon-196x196.png]
[web/apple-touch-icon-57x57.png]
[web/apple-touch-icon-60x60.png]
[web/apple-touch-icon-72x72.png]
[web/apple-touch-icon-76x76.png]
[web/apple-touch-icon-114x114.png]
[web/apple-touch-icon-120x120.png]
[web/apple-touch-icon-144x144.png]
[web/apple-touch-icon-152x152.png]
[web/apple-touch-icon-180x180.png]
[web/main.2906200724.css]
[web/jqueryb8ff.js]
[web/jquery-migrate.min330a.js]
[web/autoptimize_single_8ca24f8204da07daabfe76657e921627a4b6.js]
[web/lighting_video-movie-poster-mobile.jpg]
[web/lighting_one_app_mobile.jpg]
[web/lighting_one_app_tablet.jpg]
[web/lighting_one_app.jpg]
[web/nav_walli_2.jpg]
[web/nav-dimmer.jpg]
[web/nav-switches.jpg]
[web/nav-rgbw-1.jpg]
[web/wall_plugi_menu_icon_3.jpg]
[web/nav-roller-1.jpg]
[web/nav_smartimplant.png]
[web/nav-thermo.png]
[web/nav-smoke-1.jpg]
[web/nav-co.jpg]
[web/nav-intercom.jpg]
[web/nav-motion.jpg]
[web/nav-dws.jpg]
[web/nav-flood.jpg]
[web/nav-keyfob.jpg]
[web/nav-button.jpg]
[web/nav-swipe.jpg]
[web/nav_app.jpg]
[web/nav-hc2-black.jpg]
[web/nav-hc3-black.jpg]
[web/nav-hcl.jpg]
[web/nav-fibaro.png]
[web/nav-smartthings.png]
[web/nav-homekit.png]
[web/use-cases-lighting-cards-01.jpg]
[web/use-cases-lighting-cards-02.jpg]
[web/use-cases-lighting-cards-03.jpg]
[web/use-cases-the-button.jpg]
[web/use-cases-switch.jpg]
[web/use-cases-lighting-_usecase_2.jpg]
[web/use-cases-wallplug.jpg]
[web/use-cases-lighting-_usecase_3.jpg]
[web/use-cases-motion.jpg]
[web/use-cases-walli-outlet.jpg]
[web/use-cases-lighting-_usecase_4.jpg]
[web/use-cases-night.jpg]
[web/use-cases-lighting-_usecase_5.jpg]
[web/use-cases-schedule.jpg]
[web/use-cases-lighting-_usecase_6.jpg]
[web/use-cases-lighting-_usecase_7.jpg]
[web/hey_siri.png]
[web/hey_google.png]
[web/hey_alexa.png]
[web/usecase-device-motion-sensor.jpg]
[web/usecase-device-button.jpg]
[web/usecase-device-walli-outlet.jpg]
[web/usecase-device-rgbw-controller.jpg]
[web/usecase-device-switch.jpg]
[web/usecase-device-hc2.jpg]
[web/smart-home-system.png]
[web/lazysizes.min6b63.js]
[web/vendor.1912191358.js]
[web/main.2110191037.js]
[web/main-use-cases.0810191109.js]
[web/index.html]
[web/autoptimize_ac555af369ac918e3561733dc8c69923.css]
[web/mstile-144x144.html]
[web/cant-find.png]
[web/second-nav-bg.png]
[web/main.2906200724.css]
[web/gtm5445.html]
[web/cant-find.html]
