[web/index.html]
[backblue.gif]
[fade.gif]
[index.html]
[web/mstile-144x144.png]
[web/mstile-70x70.png]
[web/mstile-150x150.png]
[web/favicon-16x16.png]
[web/favicon-32x32.png]
[web/favicon-96x96.png]
[web/favicon-128x128.png]
[web/favicon-196x196.png]
[web/apple-touch-icon-57x57.png]
[web/apple-touch-icon-60x60.png]
[web/apple-touch-icon-72x72.png]
[web/apple-touch-icon-76x76.png]
[web/apple-touch-icon-114x114.png]
[web/apple-touch-icon-120x120.png]
[web/apple-touch-icon-144x144.png]
[web/apple-touch-icon-152x152.png]
[web/apple-touch-icon-180x180.png]
[web/main.2906200724.css]
[web/timed-contenta4b6.css]
[web/jqueryb8ff.js]
[web/jquery-migrate.min330a.js]
[web/timed-contenta4b6.js]
[web/header-mobile-5.jpg]
[web/header-2.jpg]
[web/movie-poster-2.jpg]
[web/power-mobile.jpg]
[web/power-static.jpg]
[web/colors.png]
[web/utility-device-mobile.jpg]
[web/utility-device.jpg]
[web/anywhere-access-mobile.jpg]
[web/anywhere-access.jpg]
[web/pagination.png]
[web/notifications-mobile.jpg]
[web/notifications1.jpg]
[web/notifications-2-mobile.jpg]
[web/notifications2.jpg]
[web/just-in-time-mobile.jpg]
[web/just-in-time.jpg]
[web/automate-mobile.jpg]
[web/automate-everyday.jpg]
[web/protection-mobile.jpg]
[web/anim.png]
[web/secure.jpg]
[web/night-light-mobile.jpg]
[web/nightlight.jpg]
[web/hi-fi-off-mobile.jpg]
[web/hi-fi-on-mobile.jpg]
[web/hi-fi-light1.png]
[web/hi-fi-light2.png]
[web/hi-fi-off.jpg]
[web/hi-fi-on.jpg]
[web/savings-on-mobile.jpg]
[web/savings-off-mobile.jpg]
[web/savings-on.jpg]
[web/savings-off.jpg]
[web/night-off-mobile.jpg]
[web/night-on-mobile.jpg]
[web/night-off.jpg]
[web/night-on.jpg]
[web/nav-dimmer.jpg]
[web/nav-relay.jpg]
[web/nav-rgbw-1.jpg]
[web/ikona_wp_us_menu.jpg]
[web/nav_smartimplant.png]
[web/nav-motion.jpg]
[web/nav-dws.jpg]
[web/nav-flood.jpg]
[web/nav-keyfob.jpg]
[web/nav-button.jpg]
[web/nav-swipe.jpg]
[web/nav_app.jpg]
[web/nav-hc2.jpg]
[web/nav-hcl.jpg]
[web/nav-fibaro.png]
[web/nav-smartthings.png]
[web/nav-homekit.png]
[web/header-mobile-us.jpg]
[web/header-us.jpg]
[web/wpus-poster.jpg]
[web/type-usa.png]
[web/power-mobile-us.jpg]
[web/power-static-us.jpg]
[web/lampka-off.gif]
[web/wiatrak-off.gif]
[web/tv-off.gif]
[web/mikser.gif]
[web/mikrofalowka-off.gif]
[web/czajnik-off.gif]
[web/colors-us.jpg]
[web/charging-usb-mobile-us.jpg]
[web/charging-usb-us.jpg]
[web/utility-device-mobile-us.jpg]
[web/utility-device-us.jpg]
[web/anywhere-access-mobile-2.jpg]
[web/anywhere-access-2.jpg]
[web/energy-usage-1-mobile.jpg]
[web/energy-usage-1.jpg]
[web/energy-usage-2-mobile.jpg]
[web/energy-usage-2.jpg]
[web/energy-usage-3-mobile.jpg]
[web/energy-usage-3.jpg]
[web/not1-phone-us.png]
[web/notifications-mobile-us.jpg]
[web/notifications1-us.jpg]
[web/not2-phone.png]
[web/notifications-2-mobile-2.jpg]
[web/notifications2-2.jpg]
[web/just-in-time-mobile-us.jpg]
[web/just-in-time-us.jpg]
[web/automate-mobile-us.jpg]
[web/automate-everyday-us.jpg]
[web/night-light-mobile-us.jpg]
[web/nightlight-us.jpg]
[web/hi-fi-off-mobile-2.jpg]
[web/hi-fi-on-mobile-2.jpg]
[web/hi-fi-light1-2.png]
[web/hi-fi-light2-2.png]
[web/hi-fi-off-2.jpg]
[web/hi-fi-on-2.jpg]
[web/savings-on-mobile-2.jpg]
[web/savings-off-mobile-2.jpg]
[web/savings-on-2.jpg]
[web/savings-off-2.jpg]
[web/graph.png]
[web/night-off-mobile-2.jpg]
[web/night-on-mobile-2.jpg]
[web/night-off-2.jpg]
[web/night-on-2.jpg]
[web/packshot-wp-us-usb.png]
[web/packshot-wp-us.png]
[web/smart-home-system.png]
[web/vendor.1912191358.js]
[web/main.2110191037.js]
[web/main-wall-plug.0501181524.js]
[web/index.html]
[web/mstile-144x144.html]
[web/cant-find.png]
[web/second-nav-bg.png]
[web/main.2906200724.css]
[web/timed-contenta4b6.css]
[web/gtm5445.html]
[web/cant-find.html]
