[web/index.html]
[backblue.gif]
[fade.gif]
[index.html]
[web/mstile-144x144.png]
[web/mstile-70x70.png]
[web/mstile-150x150.png]
[web/favicon-16x16.png]
[web/favicon-32x32.png]
[web/favicon-96x96.png]
[web/favicon-128x128.png]
[web/favicon-196x196.png]
[web/apple-touch-icon-57x57.png]
[web/apple-touch-icon-60x60.png]
[web/apple-touch-icon-72x72.png]
[web/apple-touch-icon-76x76.png]
[web/apple-touch-icon-114x114.png]
[web/apple-touch-icon-120x120.png]
[web/apple-touch-icon-144x144.png]
[web/apple-touch-icon-152x152.png]
[web/apple-touch-icon-180x180.png]
[web/main.2906200724.css]
[web/timed-contenta4b6.css]
[web/jqueryb8ff.js]
[web/jquery-migrate.min330a.js]
[web/timed-contenta4b6.js]
[web/smart_home_mobile.jpg]
[web/bundles_mobile.jpg]
[web/remote_access_mobile.jpg]
[web/home_kit_mobile_us.jpg]
[web/find_installer_mobile.jpg]
[web/become_installer_mobile.jpg]
[web/integrations_1_mobile_us.jpg]
[web/integrations_2_mobile_us.jpg]
[web/integrations_3_mobile_us.jpg]
[web/smart_home.jpg]
[web/bundles.jpg]
[web/remote_access.jpg]
[web/home_kit_us.jpg]
[web/home_kit_hover_us.jpg]
[web/find_installer.jpg]
[web/become_installer.jpg]
[web/integrations_1_us.jpg]
[web/integrations_2_us.jpg]
[web/integrations_3_us.jpg]
[web/header_new_app_mobile.jpg]
[web/header_new_app_desktop.jpg]
[web/walli_header_mobile.jpg]
[web/walli_header.jpg]
[web/header_smart_implant_mobile.jpg]
[web/header_smart_implant.jpg]
[web/main_header_wp_us_mobile.jpg]
[web/main_header_wp_us_desktop.jpg]
[web/baner_usa_instalator_mobile_bg.jpg]
[web/baner_usa_instalator_bg.jpg]
[web/header-keyfob_mobile.jpg]
[web/header_keyfob.jpg]
[web/header_hk_us_mobile-3003.jpg]
[web/header_hk_us-3003.jpg]
[web/why-fibaro-mobile.jpg]
[web/why-fibaro-desktop.jpg]
[web/fibaro_logo.svg]
[web/nav-dimmer.jpg]
[web/nav-relay.jpg]
[web/nav-rgbw-1.jpg]
[web/ikona_wp_us_menu.jpg]
[web/nav_smartimplant.png]
[web/nav-motion.jpg]
[web/nav-dws.jpg]
[web/nav-flood.jpg]
[web/index-2.html]
[web/nav-keyfob.jpg]
[web/nav-button.jpg]
[web/index-3.html]
[web/nav-swipe.jpg]
[web/nav_app.jpg]
[web/nav-hc2.jpg]
[web/nav-hcl.jpg]
[web/index-4.html]
[web/nav-fibaro.png]
[web/nav-smartthings.png]
[web/nav-homekit.png]
[web/homekit-logo-new.svg]
[web/facebook-d.svg]
[web/index-5.html]
[web/instagram-d.svg]
[web/twitter-d.svg]
[web/linkedin-d.svg]
[web/youtube-d.svg]
[web/index-6.html]
[web/smart-home-system.png]
[web/vendor.1912191358.js]
[web/index-7.html]
[web/main.2110191037.js]
[web/main-home.1510191111.js]
[web/index.html]
[web/mstile-144x144.html]
[web/index-8.html]
[web/index-11.html]
[web/index-10.html]
[web/index-9.html]
[web/index-12.html]
[web/index-13.html]
[web/opensans-light9f1e.eot]
[web/index-15.html]
[web/index-14.html]
[web/index-16.html]
[web/opensans-lightd41d.eot]
[web/index-17.html]
[web/index-18.html]
[web/index-19.html]
[web/opensans-light9f1e.woff2]
[web/index-22.html]
[web/index-20.html]
[web/opensans-light9f1e.woff]
[web/index-21.html]
[web/opensans-light9f1e.ttf]
[web/index-23.html]
[web/index-25.html]
[web/index-24.html]
[web/opensans-light9f1e.svg]
[web/index-28.html]
[web/index-26.html]
[web/index-27.html]
[web/opensans-lightitalic9f1e.eot]
[web/index-29.html]
[web/index-30.html]
[web/opensans-lightitalicd41d.eot]
[web/opensans-lightitalic9f1e.woff2]
[web/opensans-lightitalic9f1e.woff]
[web/opensans-lightitalic9f1e.ttf]
[web/opensans-lightitalic9f1e.svg]
[web/opensans-regular9f1e.eot]
[web/opensans-regular9f1e.woff2]
[web/opensans-regulard41d.eot]
[web/opensans-regular9f1e.woff]
[web/opensans-regular9f1e.ttf]
[web/opensans-regular9f1e.svg]
[web/opensans-italic9f1e.eot]
[web/opensans-italicd41d.eot]
[web/opensans-italic9f1e.woff2]
[web/opensans-italic9f1e.woff]
[web/opensans-italic9f1e.ttf]
[web/opensans-italic9f1e.svg]
[web/opensans-semibold9f1e.eot]
[web/opensans-semibold9f1e.woff2]
[web/opensans-semiboldd41d.eot]
[web/opensans-semibold9f1e.woff]
[web/opensans-semibold9f1e.ttf]
[web/opensans-semibold9f1e.svg]
[web/opensans-semibolditalic9f1e.eot]
[web/opensans-semibolditalicd41d.eot]
[web/opensans-semibolditalic9f1e.woff2]
[web/opensans-semibolditalic9f1e.woff]
[web/opensans-semibolditalic9f1e.ttf]
[web/opensans-semibolditalic9f1e.svg]
[web/opensans-bold9f1e.eot]
[web/opensans-boldd41d.eot]
[web/opensans-bold9f1e.woff2]
[web/opensans-bold9f1e.woff]
[web/opensans-bold9f1e.ttf]
[web/opensans-bold9f1e.svg]
[web/opensans-bolditalic9f1e.eot]
[web/opensans-bolditalicd41d.eot]
[web/opensans-bolditalic9f1e.woff2]
[web/opensans-bolditalic9f1e.woff]
[web/opensans-bolditalic9f1e.ttf]
[web/opensans-bolditalic9f1e.svg]
[web/opensans-extrabold9f1e.eot]
[web/opensans-extraboldd41d.eot]
[web/opensans-extrabold9f1e.woff2]
[web/opensans-extrabold9f1e.woff]
[web/opensans-extrabold9f1e.ttf]
[web/opensans-extrabold9f1e.svg]
[web/opensans-extrabolditalic9f1e.eot]
[web/opensans-extrabolditalicd41d.eot]
[web/opensans-extrabolditalic9f1e.woff2]
[web/opensans-extrabolditalic9f1e.woff]
[web/opensans-extrabolditalic9f1e.ttf]
[web/play-icon.svg]
[web/opensans-extrabolditalic9f1e.svg]
[web/replay.svg]
[web/replay-white.svg]
[web/replay-silver.svg]
[web/globe-langselector.svg]
[web/close-btn.svg]
[web/close-btn-blue.svg]
[web/select-drop-custom.svg]
[web/select-drop-custom-black.svg]
[web/iconpin.svg]
[web/cant-find.png]
[web/replay-usecase.svg]
[web/second-nav-bg.png]
[web/main.2906200724.css]
[web/timed-contenta4b6.css]
[web/gtm5445.html]
[web/fibaro_logo.svg]
[web/category_multimedia_color.svg]
[web/use-cases-timeline-01-us.jpg]
[web/index-31.html]
[web/category_safety_color.svg]
[web/use-cases-timeline-02.jpg]
[web/use-cases-timeline-03.jpg]
[web/category_climate_color.svg]
[web/index-32.html]
[web/use-cases-timeline-04.jpg]
[web/index-33.html]
[web/use-cases-timeline-05.jpg]
[web/category_mood_color.svg]
[web/use-cases-timeline-06.jpg]
[web/category_garden_color.svg]
[web/index-34.html]
[web/use-cases-timeline-07.jpg]
[web/category_lightning_color.svg]
[web/use-cases-timeline-08.jpg]
[web/main-use-cases.0810191109.js]
[web/index-2.html]
[web/index-35.html]
[web/facebook-dimmer.jpg]
[web/twitter-dimmer.jpg]
[web/match-most-mobile.jpg]
[web/header-mobile-off.jpg]
[web/header-mobile-on.jpg]
[web/poster.jpg]
[web/voice-control-mobile-1.jpg]
[web/easy-setup-mobile-us.jpg]
[web/index-36.html]
[web/light-source-mobile.jpg]
[web/light-you-need-mobile.jpg]
[web/energy-meter-mobile.jpg]
[web/worldwide-access-mobile.jpg]
[web/adjust-light-off-mobile.jpg]
[web/adjust-light-on-mobile.jpg]
[web/wherever-mobile-2.jpg]
[web/wherever-mobile-3.jpg]
[web/footer-bg-mobile.jpg]
[web/header-desktop-off.jpg]
[web/header-desktop-on.jpg]
[web/voice-control-desktop-1.jpg]
[web/easy-setup-desktop-us.jpg]
[web/match-most-switches-desktop-us.jpg]
[web/light-source-desktop.jpg]
[web/light-you-need-desktop.jpg]
[web/energy-meter-desktop.jpg]
[web/worldwide-access-desktop.jpg]
[web/adjust-light-off-desktop.jpg]
[web/adjust-light-on-desktop.jpg]
[web/wherever-desktop-2.jpg]
[web/wherever-desktop-3.jpg]
[web/footer-bg-desktop.jpg]
[web/decrease.svg]
[web/increase.svg]
[web/icon_dim.svg]
[web/icon_power.svg]
[web/icon_lightning.svg]
[web/icon_softstart.svg]
[web/device.jpg]
[web/loop.mp4]
[web/sizes-left-us.svg]
[web/sizes-right-us.svg]
[web/icon_moviecamera.svg]
[web/icon_schemes.svg]
[web/match-most-switches-mobile-us.png]
[web/icon_wireless.svg]
[web/icon_scenes.svg]
[web/icon_bell.svg]
[web/icon_alldevices.svg]
[web/icon_range.svg]
[web/dimmer2.jpg]
[web/manuals.svg]
[web/knowledge-base.svg]
[web/main-dimmer.2211170905.js]
[web/index-3.html]
[web/header-mobile-base.png]
[web/header-mobile-switch.png]
[web/header-mobile-button.png]
[web/header-mobile-button-shadow.png]
[web/switch-header-us.mp4]
[web/header-static-desktop.jpg]
[web/header-mobile-switches.jpg]
[web/zw_switch_www_loop.mp4]
[web/zw_still.jpg]
[web/icon_power-2.svg]
[web/icon_lightning-2.svg]
[web/icon_singleswitch.svg]
[web/icon_wallsocket_us.svg]
[web/device-zw-mobile.jpg]
[web/device-zw.jpg]
[web/universal-applications-mobile-us.jpg]
[web/universal-applications-desktop-us.jpg]
[web/switches-sizes-left-imperial.svg]
[web/switches-sizes-right-imperial.svg]
[web/easy-setup-mobile-us-2.jpg]
[web/easy_setup_us.jpg]
[web/icon_bulb.svg]
[web/icon_projector.svg]
[web/icon_lamp.svg]
[web/icon_aircond.svg]
[web/icon_gamepad.svg]
[web/icon_tv.svg]
[web/icon_espresso.svg]
[web/icon_mixer.svg]
[web/icon_toaster.svg]
[web/icon_dishwasher.svg]
[web/icon_microwave.svg]
[web/icon_blender.svg]
[web/icon_hairdryer.svg]
[web/icon_hifi.svg]
[web/power-metering-us.mp4]
[web/power-metering-mobile.jpg]
[web/multifunc-2-mobile.jpg]
[web/multifunc-1-mobile.jpg]
[web/multifunc-3-mobile.jpg]
[web/multifunc-2-desktop.jpg]
[web/multifunc-1-desktop.jpg]
[web/multifunc-3-desktop.jpg]
[web/worldwide-access-mobile-2.jpg]
[web/worldwide-access-desktop-2.jpg]
[web/standby-dark-mobile-us.jpg]
[web/standby-light-mobile-us.jpg]
[web/standby-dark-desktop-us.jpg]
[web/standby-light-desktop-us.jpg]
[web/never-forget-mobile.jpg]
[web/never-forget-desktop.jpg]
[web/relay-device.jpg]
[web/relay-device-double.jpg]
[web/manuals-2.svg]
[web/knowledge-base-2.svg]
[web/footer-bg-mobile-2.jpg]
[web/footer-bg-desktop-2.jpg]
[web/main-switches.2211170905.js]
[web/index-4.html]
[web/facebook-rgbw.jpg]
[web/twitter-rgbw-controller.jpg]
[web/header_mobile.jpg]
[web/color-0.jpg]
[web/color-1.jpg]
[web/color-2.jpg]
[web/color-3.jpg]
[web/color-4.jpg]
[web/color-5.jpg]
[web/color-6.jpg]
[web/color-7.jpg]
[web/color-8.jpg]
[web/color-9.jpg]
[web/color-10.jpg]
[web/color-11.jpg]
[web/color-12.jpg]
[web/color-13.jpg]
[web/color-14.jpg]
[web/color-15.jpg]
[web/device_bg_mobile.jpg]
[web/voice_control_mobile.jpg]
[web/interior_00_mobile.jpg]
[web/app_mobile.jpg]
[web/work_desk_base-cold_mobile.jpg]
[web/work_desk_base-warm_mobile.jpg]
[web/favorite_colors_mobile.jpg]
[web/color_world_mobile_bg.jpg]
[web/color_world_mobile.jpg]
[web/child_room_mobile.jpg]
[web/thief_mobile.jpg]
[web/pool_mobile.jpg]
[web/kitchen_bg_mobile.jpg]
[web/kitchen_3_mobile.png]
[web/kitchen_1_mobile.png]
[web/kitchen_4_mobile.png]
[web/kitchen_2_mobile.png]
[web/power_metering_mobile.jpg]
[web/packshot-bg.jpg]
[web/footer-bg-mobile-3.jpg]
[web/header-2-1.jpg]
[web/header-1-1.jpg]
[web/device_bg.jpg]
[web/voice_control.jpg]
[web/work_desk_base-cold.jpg]
[web/work_desk_base-warm.jpg]
[web/app.jpg]
[web/favorite_colors.jpg]
[web/color_world.jpg]
[web/child_room.jpg]
[web/thief.jpg]
[web/pool.jpg]
[web/kitchen_bg.jpg]
[web/kitchen_3.png]
[web/kitchen_1.png]
[web/kitchen_4.png]
[web/kitchen_2.png]
[web/power_metering.jpg]
[web/footer-bg-desktop-3.jpg]
[web/interior_00.jpg]
[web/device_mobile.png]
[web/tablet_interior.png]
[web/interior_01_mobile.jpg]
[web/interior_02_mobile.jpg]
[web/interior_03_mobile.jpg]
[web/scene-deep_ocean.jpg]
[web/scene-fireplace.jpg]
[web/scene-aurora.jpg]
[web/scene-fireworks.jpg]
[web/scene-jungle.jpg]
[web/index-37.html]
[web/scene-thunderstorm.jpg]
[web/program1.png]
[web/program2.png]
[web/program3.png]
[web/program4.png]
[web/packshot-rgbw2.png]
[web/main-rgbw-controller.1604180844.js]
[web/index-5.html]
[web/header-mobile-5.jpg]
[web/header-2.jpg]
[web/movie-poster-2.jpg]
[web/power-mobile.jpg]
[web/power-static.jpg]
[web/colors.png]
[web/utility-device-mobile.jpg]
[web/utility-device.jpg]
[web/anywhere-access-mobile.jpg]
[web/anywhere-access.jpg]
[web/pagination.png]
[web/notifications-mobile.jpg]
[web/notifications1.jpg]
[web/notifications-2-mobile.jpg]
[web/notifications2.jpg]
[web/just-in-time-mobile.jpg]
[web/just-in-time.jpg]
[web/automate-mobile.jpg]
[web/automate-everyday.jpg]
[web/protection-mobile.jpg]
[web/anim.png]
[web/secure.jpg]
[web/night-light-mobile.jpg]
[web/nightlight.jpg]
[web/hi-fi-off-mobile.jpg]
[web/hi-fi-on-mobile.jpg]
[web/hi-fi-light1.png]
[web/hi-fi-light2.png]
[web/hi-fi-off.jpg]
[web/hi-fi-on.jpg]
[web/savings-on-mobile.jpg]
[web/savings-off-mobile.jpg]
[web/savings-on.jpg]
[web/savings-off.jpg]
[web/night-off-mobile.jpg]
[web/night-on-mobile.jpg]
[web/night-off.jpg]
[web/night-on.jpg]
[web/header-mobile-us.jpg]
[web/header-us.jpg]
[web/fibaro_wallplug_us_www_loop.mp4]
[web/wpus-poster.jpg]
[web/sizes-front-us.svg]
[web/sizes-left-us-2.svg]
[web/sizes-right-us-2.svg]
[web/reveal-wpus.mp4]
[web/icon-power-switch.svg]
[web/icon-energy-meter.svg]
[web/icon-power-consumption.svg]
[web/usb-charging-icon.svg]
[web/icon-surge-protection.svg]
[web/type-usa.png]
[web/power-mobile-us.jpg]
[web/power-static-us.jpg]
[web/lampka-off.gif]
[web/wiatrak-off.gif]
[web/tv-off.gif]
[web/mikser.gif]
[web/mikrofalowka-off.gif]
[web/czajnik-off.gif]
[web/colors-us.jpg]
[web/charging-usb-mobile-us.jpg]
[web/charging-usb-us.jpg]
[web/utility-device-mobile-us.jpg]
[web/utility-device-us.jpg]
[web/anywhere-access-mobile-2.jpg]
[web/anywhere-access-2.jpg]
[web/energy-usage-1-mobile.jpg]
[web/energy-usage-1.jpg]
[web/energy-usage-2-mobile.jpg]
[web/energy-usage-2.jpg]
[web/energy-usage-3-mobile.jpg]
[web/energy-usage-3.jpg]
[web/not1-phone-us.png]
[web/notifications-mobile-us.jpg]
[web/notifications1-us.jpg]
[web/not2-phone.png]
[web/notifications-2-mobile-2.jpg]
[web/notifications2-2.jpg]
[web/just-in-time-mobile-us.jpg]
[web/just-in-time-us.jpg]
[web/automate-mobile-us.jpg]
[web/automate-everyday-us.jpg]
[web/night-light-mobile-us.jpg]
[web/nightlight-us.jpg]
[web/hi-fi-off-mobile-2.jpg]
[web/hi-fi-on-mobile-2.jpg]
[web/hi-fi-light1-2.png]
[web/hi-fi-light2-2.png]
[web/hi-fi-off-2.jpg]
[web/hi-fi-on-2.jpg]
[web/savings-on-mobile-2.jpg]
[web/savings-off-mobile-2.jpg]
[web/savings-on-2.jpg]
[web/savings-off-2.jpg]
[web/graph.png]
[web/night.svg]
[web/night-off-mobile-2.jpg]
[web/night-on-mobile-2.jpg]
[web/night-off-2.jpg]
[web/night-on-2.jpg]
[web/packshot-wp-us-usb.png]
[web/packshot-wp-us.png]
[web/manuals-3.svg]
[web/knowledge-base-3.svg]
[web/index-6.html]
[web/main-wall-plug.0501181524.js]
[web/nav_smartimplant-2.png]
[web/nav-motion-2.jpg]
[web/nav-flood-2.jpg]
[web/nav-dws-2.jpg]
[web/nav-dimmer-2.jpg]
[web/nav-rgbw.jpg]
[web/nav-keyfob-2.jpg]
[web/nav-button-2.jpg]
[web/nav-swipe-2.jpg]
[web/nav-hcl-2.jpg]
[web/main-all-products.1503191108.js]
[web/index-7.html]
[web/ubs_header_mobile.jpg]
[web/features_bg.jpg]
[web/gate_mobile_bg.jpg]
[web/alarm_mobile_bg.jpg]
[web/termostat_mobile_bg.jpg]
[web/sensors_mobile_bg.jpg]
[web/audio_mobile_bg.jpg]
[web/switch_mobile_bg.jpg]
[web/smart-implant-specification-mobile.jpg]
[web/smart-implant-specification.jpg]
[web/ubs_header_static.jpg]
[web/ubs_bg.jpg]
[web/ubs_device.png]
[web/ubs_p1.png]
[web/ubs_p2.png]
[web/google_assistant_logo.png]
[web/z-wave-logo.svg]
[web/amazon_alexa_logo.png]
[web/ifttt_logo.png]
[web/ic-wireless.svg]
[web/ic-zwave.svg]
[web/ic-onoff.svg]
[web/ic-data.svg]
[web/smart-implant-functions-top-light.png]
[web/index-38.html]
[web/smart-implant-circuit-mobile.jpg]
[web/smart-implant-circuit.jpg]
[web/ic-light.svg]
[web/ic-projector.svg]
[web/ic-music.svg]
[web/gate_blind.jpg]
[web/smart_implant_moving.png]
[web/gate_blind_mask.png]
[web/gate_real.jpg]
[web/gate_gate.png]
[web/gate_gate_mask.png]
[web/alarm_blind.jpg]
[web/alarm_blind_mask.png]
[web/alarm_real.jpg]
[web/alarm_armed.png]
[web/termostat_blind.jpg]
[web/termostat_blind_mask.png]
[web/termostat_real.jpg]
[web/termostat_half.jpg]
[web/sensors_blind.jpg]
[web/sensors_blind_mask.png]
[web/sensors_real.jpg]
[web/audio_blind.jpg]
[web/audio_blind_mask.png]
[web/audio_real.jpg]
[web/audio_half.jpg]
[web/switch_blind.jpg]
[web/switch_blind_mask.png]
[web/switch_real_on.jpg]
[web/switch_real_off_flat.jpg]
[web/switch_scene_light.svg]
[web/switch_scene_projector.svg]
[web/switch_scene_audio.svg]
[web/switch_scene_blinds.svg]
[web/ic-close.svg]
[web/smart-implant-special-tasks.png]
[web/smart-implant-special-tasks-bg.png]
[web/smart-implant-special-tasks-top-bg.png]
[web/smart-implant-packshot.jpg]
[web/main-smart-implant-en.0801191300.js]
[web/index-8.html]
[web/miniatura-social-media-facebook-motion-sensor.jpg]
[web/twitter-motion-sensor.jpg]
[web/header-mobile-3.jpg]
[web/motion-canvas-bg.jpg]
[web/movie-poster.jpg]
[web/inspired-mobile.jpg]
[web/inspired.jpg]
[web/full-mobility-mobile.jpg]
[web/works-with-other-mobile-on.jpg]
[web/works-with-other-mobile-off.jpg]
[web/works-with-other-on.jpg]
[web/works-with-other-off.jpg]
[web/homekit-enabled-mobile-us.jpg]
[web/homekit-enabled-us.jpg]
[web/siri-mobile.jpg]
[web/siri.jpg]
[web/colors-temp-mobile-us.jpg]
[web/colors-temp-us.jpg]
[web/security-mobile.jpg]
[web/security.jpg]
[web/notifications-mobile-2.jpg]
[web/dog.jpg]
[web/instant-notifications-mobile.jpg]
[web/baby.jpg]
[web/adjust-mobile.jpg]
[web/adjust.jpg]
[web/wake-up-mobile.jpg]
[web/wake-up.jpg]
[web/child-night-mobile.jpg]
[web/child-night.jpg]
[web/sensitivity-mobile.jpg]
[web/sensitivity-on.png]
[web/sensitivity-off.png]
[web/sensitivity.jpg]
[web/apps-mobile-us.jpg]
[web/apps-us.jpg]
[web/2016-12-27_www_motion_sensor_zw.mp4]
[web/motion-sizes-left-imperial.svg]
[web/motion-sizes-right-imperial.svg]
[web/sizes-eye.png]
[web/butterfly-anim.gif]
[web/1280-1024_3_1.mp4]
[web/composition.jpg]
[web/parts-reveal.mp4]
[web/multisensor.png]
[web/homekit-logo-new-2.svg]
[web/homekit-logo-new-3.svg]
[web/ipad-motion-us.png]
[web/notifications-phone.png]
[web/iphone6.png]
[web/sensitivity-human.svg]
[web/sensitivity-large-dog.svg]
[web/sensitivity-small-dog.svg]
[web/platform-logos.png]
[web/2016-12-27_www_motion_sensor_hk.mp4]
[web/choose-homekit.png]
[web/choose-zwave.png]
[web/main-motion-sensor.0712171329.js]
[web/index-9.html]
[web/facebook-dws.jpg]
[web/twitter-dws.jpg]
[web/headanimbig.png]
[web/headanimsmall.png]
[web/dioda_2560.png]
[web/movie-poster.png]
[web/colors-top-mobile.png]
[web/colors-bottom-mobile.png]
[web/colors-top.png]
[web/colors-bottom.png]
[web/home-kit-mobile-us.jpg]
[web/home-kit-us.jpg]
[web/siri-mobile-2.jpg]
[web/never-forget-mobile-2.jpg]
[web/never-forget.jpg]
[web/smart-heating-mobile.jpg]
[web/smart-heating.jpg]
[web/back-home-mobile.jpg]
[web/back-home.jpg]
[web/notifications-mobile-3.jpg]
[web/notifications-1.jpg]
[web/security-mobile-1.jpg]
[web/security-1.jpg]
[web/tamper-mobile-us.jpg]
[web/tamper-us.jpg]
[web/rain-mobile.jpg]
[web/rain.jpg]
[web/smartwatch.jpg]
[web/control-pets-mobile.jpg]
[web/control-pets.jpg]
[web/under-control-mobile.jpg]
[web/under-control.jpg]
[web/cellar-mobile.jpg]
[web/cellar.jpg]
[web/safety-gate-mobile.jpg]
[web/safety-gate.jpg]
[web/2016-12-27_www_doorwindow_sensor_hk.mp4]
[web/dws-size-left-imperial.svg]
[web/dws-size-right-imperial.svg]
[web/connection-anim8.gif]
[web/4func-product.png]
[web/door-anim.jpg]
[web/door-anim.mp4]
[web/notifications-phone-2.png]
[web/security-phone.png]
[web/choose-homekit-dws-us.png]
[web/choose-zwave-dws-us.png]
[web/main-door-window-sensor.2211170905.js]
[web/index-10.html]
[web/miniatura-social-media-facebook-flood-sensor.jpg]
[web/index-39.html]
[web/twitter-flood-sensor.jpg]
[web/header-mobile-4.jpg]
[web/header-1.jpg]
[web/movie-poster-1.jpg]
[web/nature-mobile.jpg]
[web/nature.jpg]
[web/siri-mobile-1.jpg]
[web/siri-1.jpg]
[web/safety-first-mobile.jpg]
[web/safety-first.jpg]
[web/trustworthy-mobile-us.jpg]
[web/reliable-video-bg.png]
[web/smart-notifications-mobile.jpg]
[web/notifications.jpg]
[web/submerge-mobile.jpg]
[web/submerge.jpg]
[web/wall-mobile.jpg]
[web/wall.jpg]
[web/reach-1-mobile.jpg]
[web/reach-1.jpg]
[web/reach-2-mobile.jpg]
[web/reach-2.jpg]
[web/reach-3-mobile.jpg]
[web/reach-3.jpg]
[web/movie-poster2.jpg]
[web/smart-safety-mobile.jpg]
[web/smart-safety.jpg]
[web/floor-heating-mobile.jpg]
[web/floor-heating.jpg]
[web/2016-12-27_www_flood_sensor_zw.mp4]
[web/flood-sizes-left-imperial.svg]
[web/flood-sizes-right-imperial.svg]
[web/sensor.png]
[web/leak.svg]
[web/temperature.svg]
[web/lock.svg]
[web/sound.svg]
[web/telescope.svg]
[web/light.svg]
[web/sensor-top.png]
[web/trustworthy-phone-us.png]
[web/1280x840_light.mp4]
[web/notifications-phone-1.png]
[web/2016-12-27_www_flood_sensor_hk.mp4]
[web/awards-td.png]
[web/awards-if.png]
[web/awards-ida.png]
[web/choose-homekit-1.png]
[web/choose-zwave-1.png]
[web/index-11.html]
[web/facebook.png]
[web/twitter.png]
[web/triangle-button.png]
[web/header-mobile.jpg]
[web/header-static.jpg]
[web/header-parallax-0.jpg]
[web/header-parallax-1.png]
[web/header-parallax-2.png]
[web/header-parallax-3.png]
[web/movie-poster-2.png]
[web/nature-mobile-2.jpg]
[web/nature-2.jpg]
[web/child-mobile.jpg]
[web/child.jpg]
[web/at-work-mobile.jpg]
[web/at-work-lamps-none.jpg]
[web/at-work-lamps-left.jpg]
[web/at-work-lamps-right.jpg]
[web/at-work-lamps-both.jpg]
[web/button-x.png]
[web/button-triangle.png]
[web/at-work-remote.png]
[web/easy-access-01-mobile.jpg]
[web/easy-access-01.jpg]
[web/easy-access-02-mobile.jpg]
[web/easy-access-02.jpg]
[web/back-home-mobile-2.jpg]
[web/back-home-2.jpg]
[web/garage-mobile.jpg]
[web/garage.jpg]
[web/hand-mobile.jpg]
[web/hand.jpg]
[web/ip54-mobile.jpg]
[web/ip54-desktop.jpg]
[web/lock-mobile.jpg]
[web/lock-yale.jpg]
[web/pregnancy-mobile.jpg]
[web/pregnancy.jpg]
[web/2016-12-27_www_keyfob_zw.mp4]
[web/keyfob-design-01-imperial.svg]
[web/design-02.png]
[web/sequence.jpg]
[web/parts-reveal-2.mp4]
[web/left.jpg]
[web/middle.jpg]
[web/right.jpg]
[web/quickstart-01.png]
[web/quickstart-02.png]
[web/possibilities-left.png]
[web/possibilities-right.png]
[web/security-01.jpg]
[web/security-02.png]
[web/one-02.png]
[web/packshot-product.jpg]
[web/main-keyfob.2211170905.js]
[web/index-12.html]
[web/facebook-the-button.jpg]
[web/twitter-the-button.jpg]
[web/button-on.png]
[web/button-off.png]
[web/movie-poster-4.jpg]
[web/hands-mobile.jpg]
[web/hands.png]
[web/always-close-mobile.jpg]
[web/always-close.jpg]
[web/hidden.jpg]
[web/care-mobile.jpg]
[web/care.jpg]
[web/notifications-mobile-4.jpg]
[web/notifications-2.jpg]
[web/family-mobile.jpg]
[web/family.jpg]
[web/hands-on.jpg]
[web/hands-off.jpg]
[web/bulb.png]
[web/projector.png]
[web/fan.png]
[web/pizza-mobile.jpg]
[web/pizza.jpg]
[web/cinema-on-mobile.jpg]
[web/cinema-off-mobile.jpg]
[web/complex-scenes.svg]
[web/cinema-on.jpg]
[web/cinema-off.jpg]
[web/kid-reach-mobile.jpg]
[web/kid-reach.jpg]
[web/hotel-mobile.jpg]
[web/hotel.jpg]
[web/synchronize-mobile.jpg]
[web/synchronize.jpg]
[web/be-late-off-mobile.jpg]
[web/be-late-on-mobile.jpg]
[web/be-late-off.jpg]
[web/be-late-on.jpg]
[web/goodnight-mobile.jpg]
[web/goodnight.jpg]
[web/home-on.png]
[web/2016-12-27_www_button_zw.mp4]
[web/for-home.svg]
[web/for-business.svg]
[web/for-emergencies.svg]
[web/color-bg-m-blue.jpg]
[web/color-bg-m-yellow.jpg]
[web/color-bg-m-green.jpg]
[web/color-bg-m-orange.jpg]
[web/color-bg-m-brown.jpg]
[web/color-bg-m-red.jpg]
[web/color-bg-m-black.jpg]
[web/color-bg-m-white.jpg]
[web/color-bt-blue.png]
[web/color-bt-yellow.png]
[web/color-bt-green.png]
[web/color-bt-orange.png]
[web/color-bt-brown.png]
[web/color-bt-red.png]
[web/color-bt-black.png]
[web/color-bt-white.png]
[web/thebutton-sizes-imperial.svg]
[web/sequence.png]
[web/parts-reveal-1.mp4]
[web/button-hk-enabled-mobile-us.jpg]
[web/button-hk-enabled-us.jpg]
[web/board-on-en-mobile.jpg]
[web/board-off-en-mobile.jpg]
[web/packshot_button_hk.png]
[web/packshot_button_zw.png]
[web/main-button.2211170905.js]
[web/index-13.html]
[web/facebook-swipe.jpg]
[web/twitter-swipe.jpg]
[web/movie-poster-3.jpg]
[web/balerina-mobile.jpg]
[web/balerina.jpg]
[web/anim-frame-pt-mobile.png]
[web/anim-screen-pt-mobile.png]
[web/anim-sensor-pt-mobile.png]
[web/anim-back-pt-mobile.png]
[web/anim-power-pt-mobile.png]
[web/anim-frame-pt.png]
[web/anim-screen-pt.png]
[web/anim-sensor-pt.png]
[web/anim-back-pt.png]
[web/anim-power-pt.png]
[web/beautiful-mobile.jpg]
[web/beautiful.jpg]
[web/battery-mobile.jpg]
[web/battery.jpg]
[web/intuitive-on-mobile.jpg]
[web/intuitive-off-mobile.jpg]
[web/intuitive-on.jpg]
[web/intuitive-off.jpg]
[web/table-mobile.jpg]
[web/hide-large.jpg]
[web/passage-mobile.jpg]
[web/passage.jpg]
[web/senior-mobile.jpg]
[web/senior.jpg]
[web/audio-mobile.jpg]
[web/audio-large.jpg]
[web/roof-mobile.jpg]
[web/roof.jpg]
[web/office-mobile.jpg]
[web/office-off.jpg]
[web/office-on.jpg]
[web/kids-mobile.jpg]
[web/kids-large.jpg]
[web/goodmorning-mobile.jpg]
[web/goodmorning.jpg]
[web/go-out-mobile.jpg]
[web/go-out.jpg]
[web/header-mobile-6.jpg]
[web/header-3.jpg]
[web/gestures.jpg]
[web/2016-12-27_www_swipe_zw.mp4]
[web/design-left.jpg]
[web/design-right.jpg]
[web/version-black.jpg]
[web/version-white.jpg]
[web/anim-back.png]
[web/anim-sensor.png]
[web/anim-screen.png]
[web/anim-frame.png]
[web/personalization1.jpg]
[web/personalization2.jpg]
[web/personalization3.jpg]
[web/hide-small.png]
[web/audio-small.jpg]
[web/kids-small.jpg]
[web/main-swipe.2211170905.js]
[web/index-14.html]
[web/smart-home-app-dashboards.jpg]
[web/app_header_mobile.jpg]
[web/day_mobile.jpg]
[web/almost_night_mobile.jpg]
[web/night_mobile.jpg]
[web/parallax_mobile.jpg]
[web/download_mobile.jpg]
[web/access_home_mobile.jpg]
[web/access_work_mobile.jpg]
[web/access_home.jpg]
[web/access_work.jpg]
[web/day.jpg]
[web/almost_night.jpg]
[web/night.jpg]
[web/parallax.jpg]
[web/circlebg.png]
[web/ces_logo.svg]
[web/logo_apple.svg]
[web/logo_android.svg]
[web/top_animation.jpg]
[web/header_animation.mp4]
[web/header_reveal.png]
[web/haptic_icon.svg]
[web/dashboard_circles.png]
[web/dashboard_rooms_bottom.png]
[web/dashboard_bitmap.png]
[web/dashboard_scenes_bottom.png]
[web/dashboard_phone2.png]
[web/performance_app.png]
[web/numbers_perspective6.mp4]
[web/numbers_phone.jpg]
[web/machinelearning.jpg]
[web/machine_learning_2560_new.mp4]
[web/bg_alarm@2x.jpg]
[web/app_alarm@2x.png]
[web/bg_shutters@2x.jpg]
[web/app_shutters@2x.png]
[web/bg_lights@2x.jpg]
[web/app_lights@2x.png]
[web/bg_thermostat@2x.jpg]
[web/app_thermostat@2x.png]
[web/bg_moviescene@2x.jpg]
[web/app_scenes@2x.png]
[web/login_start.mp4]
[web/login_loop.mp4]
[web/one_login_bg.jpg]
[web/code_long.jpg]
[web/fireplace_blue.jpg]
[web/fireplace_1.mp4]
[web/fireplace_1.jpg]
[web/phone_siri_2x.png]
[web/mic_icon.svg]
[web/siri_avatar.png]
[web/suggestion_1.jpg]
[web/suggestion_2.jpg]
[web/siri_sugestions@2x.png]
[web/siri_final_stage@2x.png]
[web/spotlight.jpg]
[web/spotlight.mp4]
[web/phone_bg@2x.png]
[web/homepod_bg_1.jpg]
[web/homepod_bg_2.jpg]
[web/homepod@2x.png]
[web/app-icon_2x.png]
[web/appstore-download.svg]
[web/google-play-badge.svg]
[web/android.png]
[web/iphonex.png]
[web/main-application.3101191134.js]
[web/index-15.html]
[web/facebook-hc2.jpg]
[web/twitter-hc2.jpg]
[web/header_bg_1_mobile-us.jpg]
[web/header_bg_2_mobile_small-us.jpg]
[web/header_bg_3_mobile_small-us.jpg]
[web/header_bg_4_mobile_small-us.jpg]
[web/header_bg_5_mobile_small-us.jpg]
[web/header_bg_6_mobile-us.jpg]
[web/panels-1_m.jpg]
[web/panels-2_m.jpg]
[web/panels-3_m.jpg]
[web/panels-4_m.jpg]
[web/usecase-1_m.jpg]
[web/usecase-2_m.jpg]
[web/usecase-3_m.jpg]
[web/usecase-4_m.jpg]
[web/data-safety-us.jpg]
[web/performance_mobile-us.jpg]
[web/offline_mobile-us.jpg]
[web/range_mobile_zwave.jpg]
[web/range_mobile_wifi.jpg]
[web/installer_app_mobile-us.jpg]
[web/smart-implant-specification-mobile-2.jpg]
[web/smart-implant-specification-2.jpg]
[web/data-safety-1-us.jpg]
[web/data-safety-2-us.jpg]
[web/performance-1-us.jpg]
[web/performance-2-us.jpg]
[web/offline-us.jpg]
[web/installer_app-us.jpg]
[web/header_bg_1-us.jpg]
[web/header_bg_2-us.png]
[web/header_bg_3-us.png]
[web/header_bg_7.jpg]
[web/header_bg_4.png]
[web/header_bg_5.png]
[web/header_bg_6.png]
[web/header_bg_8-us.jpg]
[web/google_assistant_logo-2.png]
[web/amazon_alexa_logo-2.png]
[web/applications.png]
[web/hc2-packshot-silver.jpg]
[web/hc2-packshot-us.jpg]
[web/main-hc2-extended.0412180642.js]
[web/index-16.html]
[web/index-40.html]
[web/facebook-hcl.jpg]
[web/twitter-hcl.jpg]
[web/hcl-header-mobile.jpg]
[web/hcl-header-desktop.jpg]
[web/hcl-device.jpg]
[web/icon-ecosystem.svg]
[web/icon_plugins.svg]
[web/icon_security.svg]
[web/icon_scenes-2.svg]
[web/icon_camera.svg]
[web/icon_temperature.svg]
[web/icon_music.svg]
[web/hcl_app.jpg]
[web/index-17.html]
[web/header-mobile-2.jpg]
[web/header-desktop-2.jpg]
[web/movie-poster-mobile.jpg]
[web/movie-poster-desktop.jpg]
[web/interfaces-mobile.jpg]
[web/interfaces-desktop.jpg]
[web/plugins-mobile.jpg]
[web/plugins-desktop.jpg]
[web/joga-mobile.jpg]
[web/joga.jpg]
[web/icon-multimedia.svg]
[web/icon-security.svg]
[web/icon-temperature.svg]
[web/icon-lights.svg]
[web/icon-home.svg]
[web/messenger_icon_m.png]
[web/fibaro_bot_bg.jpg]
[web/google_film.jpg]
[web/amazon_film.jpg]
[web/philips-mobile.jpg]
[web/sonos-mobile.jpg]
[web/dlink-mobile.jpg]
[web/netatmo-mobile.jpg]
[web/dev-philips.jpg]
[web/philips-logo.png]
[web/dev-netatmo.jpg]
[web/netatmo-logo.png]
[web/dev-sonos.jpg]
[web/sonos-logo.png]
[web/dev-dlink.jpg]
[web/dlink-logo.png]
[web/dev-yale.jpg]
[web/yale-logo.png]
[web/dev-dsc.jpg]
[web/dsc-logo.png]
[web/appstore-download-2.svg]
[web/google-play-badge-2.svg]
[web/main-compatibility.0308180951.js]
[web/index-18.html]
[web/1-1-1.jpg]
[web/0-0-0.jpg]
[web/1-0-0.jpg]
[web/1-1-0.jpg]
[web/0-1-0.jpg]
[web/0-1-1.jpg]
[web/0-0-1.jpg]
[web/1-0-1.jpg]
[web/smartthings_logo.svg]
[web/st-mobile.png]
[web/st-mobile-empty.png]
[web/btn_samsung_tv_on.svg]
[web/btn_samsung_tv_off.svg]
[web/btn_light_on.svg]
[web/btn_light_off.svg]
[web/btn_wall_plug_on.svg]
[web/btn_wall_plug_off.svg]
[web/white_arrow.svg]
[web/hk-device-flood.png]
[web/hk-device-motion.png]
[web/hk-device-dws.png]
[web/module.png]
[web/wall-plug-usa.png]
[web/appstore-download-3.svg]
[web/desktop_phones.png]
[web/mobile_phones.png]
[web/alarm-icon.svg]
[web/use-cases-dws.jpg]
[web/use-cases-motion.jpg]
[web/kamera_zewnetrzna.jpg]
[web/use-cases-safety-_usecase_4.jpg]
[web/bulb-icon.svg]
[web/use-cases-alexa-google.jpg]
[web/use-cases-wallplug-us.jpg]
[web/use-cases-switch.jpg]
[web/use-cases-light-voice.png]
[web/thermostat-icon.svg]
[web/use-cases-thermostat.jpg]
[web/use-cases-climate-_usecase_1.jpg]
[web/icon_lightning-3.svg]
[web/use-cases-energy.jpg]
[web/use-cases-multimedia-savings.jpg]
[web/manuals-4.svg]
[web/knowledge-base-4.svg]
[web/main-smart-things.0602191259.js]
[web/index-19.html]
[web/header-mobile-7.jpg]
[web/movie-poster-siri-mobile.jpg]
[web/application-mobile.jpg]
[web/siri-2.jpg]
[web/header.jpg]
[web/mesh.jpg]
[web/movie-poster-siri-desktop.jpg]
[web/application.jpg]
[web/badges.png]
[web/get]
[web/error pjs - no image.src]
[web/main-homekit-inside.1803191251.js]
[web/index-20.html]
[web/header-mobile-1.jpg]
[web/header-desktop-1.jpg]
[web/data-safety-mobile.jpg]
[web/data-safety-desktop.jpg]
[web/plug-n-play-mobile-us.jpg]
[web/plug-n-play-desktop-us.jpg]
[web/voice-control-mobile.jpg]
[web/voice-control-desktop.jpg]
[web/anywhere-access-mobile-3.jpg]
[web/anywhere-access-desktop.jpg]
[web/safety-security-mobile.jpg]
[web/safety-security-desktop.jpg]
[web/real-savings-mobile.jpg]
[web/real-savings-desktop.jpg]
[web/comfort-mobile.jpg]
[web/comfort-desktop.jpg]
[web/explore-mobile-us.jpg]
[web/explore-desktop-us.jpg]
[web/icon-wireless.svg]
[web/icon-modularity.svg]
[web/icon-design.svg]
[web/icon-hand.svg]
[web/home-by-fibaro-desktop.jpg]
[web/icon-voice.svg]
[web/icon-lock.svg]
[web/icon-shield.svg]
[web/icon-savings.svg]
[web/icon-thermo.svg]
[web/main-why-fibaro.2211170905.js]
[web/index-21.html]
[web/cf7.css]
[web/chosen.css]
[web/swiper.min3ec8.css]
[web/fibaro-installers-training-public.min3ec8.css]
[web/new-header-mobile-3.jpg]
[web/new-header-desktop-3.jpg]
[web/jqueryb8ff-2.js]
[web/jquery.form.mind03d.js]
[web/scripts4906.js]
[web/chosen.min.js]
[web/swiper.min3ec8.js]
[web/fibaro-installers-training-public3ec8.js]
[web/main-where-to-buy-redesign.1706201101.js]
[web/index-22.html]
[web/support-mobile.jpg]
[web/support-desktop.jpg]
[web/icon_chatbubbles.svg]
[web/icon_manuals.svg]
[web/icon_elearning.svg]
[web/icon_warranty.svg]
[web/icon_forum.svg]
[web/icon_videotuts.svg]
[web/icon_maclaptop.svg]
[web/icon_winlaptop.svg]
[web/icon_phonecall.svg]
[web/index-23.html]
[web/header-mobile-8.jpg]
[web/header-desktop.jpg]
[web/icon_distributor_contact.svg]
[web/icon_installer_contact.svg]
[web/icon_architect_contact.svg]
[web/icon_developer_contact.svg]
[web/icon_cart_contact.svg]
[web/smart-home-developer.jpg]
[web/intltelinputf145.css]
[web/intltelinput.minf145.js]
[web/script.min2fca.js]
[web/apiae20.js]
[web/index-24.html]
[web/index-41.html]
[web/index-42.html]
[web/online-trainings-smart-home-iot.jpg]
[web/it-join-us.jpg]
[web/installer_app_header_mobile.jpg]
[web/installer_app_header.jpg]
[web/it-header-compo.svg]
[web/it-certificate-bg-desktop-us.jpg]
[web/installer_app_benefits.png]
[web/installer_app_benefits_mobile.jpg]
[web/it-icon-app.svg]
[web/it_hc_icon.svg]
[web/it_savings_icon.svg]
[web/it_clients_icon.svg]
[web/it_alerts_icon.svg]
[web/google-play-badge-3.svg]
[web/webapp-badge.svg]
[web/index-25.html]
[web/homekit-logo-new.svg]
[web/index-26.html]
[web/world-mobile.jpg]
[web/key-values-mobile.jpg]
[web/mission_mobile.jpg]
[web/vision_mobile.jpg]
[web/world.jpg]
[web/mission.jpg]
[web/vision.jpg]
[web/key-values.jpg]
[web/values-movie-poster-mobile.jpg]
[web/values-movie-poster-desktop.jpg]
[web/up-arrow.svg]
[web/prod-gallery-01.jpg]
[web/prod-gallery-02.jpg]
[web/prod-gallery-03.jpg]
[web/prod-gallery-04.jpg]
[web/prod-gallery-05.jpg]
[web/prod-gallery-09.jpg]
[web/prod-gallery-07.jpg]
[web/prod-gallery-10.jpg]
[web/aw-cedia.jpg]
[web/aw-eba.jpg]
[web/aw-ifa.jpg]
[web/aw-ces.jpg]
[web/aw-design.jpg]
[web/aw-twice.jpg]
[web/aw-cedia-best.jpg]
[web/aw-technikpreis.jpg]
[web/aw-dobrywzor.jpg]
[web/main-about-us.2506180952.js]
[web/index-27.html]
[web/icon_patent.svg]
[web/index-28.html]
[web/index-29.html]
[web/index-30.html]
[web/facebook-d.svg]
[web/instagram-d.svg]
[web/twitter-d.svg]
[web/linkedin-d.svg]
[web/youtube-d.svg]
[web/opensans-light9f1e.svg]
[web/opensans-lightitalic9f1e.svg]
[web/opensans-regular9f1e.svg]
[web/opensans-italic9f1e.svg]
[web/opensans-semibold9f1e.svg]
[web/opensans-semibolditalic9f1e.svg]
[web/opensans-bold9f1e.svg]
[web/opensans-bolditalic9f1e.svg]
[web/opensans-extrabold9f1e.svg]
[web/opensans-extrabolditalic9f1e.svg]
[web/play-icon.svg]
[web/replay.svg]
[web/replay-white.svg]
[web/replay-silver.svg]
[web/globe-langselector.svg]
[web/close-btn.svg]
[web/close-btn-blue.svg]
[web/select-drop-custom.svg]
[web/select-drop-custom-black.svg]
[web/iconpin.html]
[web/cant-find.html]
[web/replay-usecase.svg]
[web/category_multimedia_color.svg]
[web/multimedia_video-movie-poster-mobile.jpg]
[web/multimedia_integrations_mobile_us.jpg]
[web/use-cases-voice-assistance-mobile.jpg]
[web/uc-nav-bg-mood.jpg]
[web/multimedia_video-movie-poster-desktop.jpg]
[web/use-cases-voice-assistance-desktop.jpg]
[web/multimedia_integrations_desktop_off_us.jpg]
[web/multimedia_integrations_desktop_on_us.jpg]
[web/use-cases-multimedia-_usecase_2.jpg]
[web/use-cases-multimedia-_usecase_8.jpg]
[web/use-cases-multimedia-_usecase_4.jpg]
[web/use-cases-the-button.jpg]
[web/use-cases-switch-2.jpg]
[web/use-cases-hifi-2.jpg]
[web/use-cases-multimedia-_usecase_13.jpg]
[web/use-cases-alexa-google-2.jpg]
[web/tv.jpg]
[web/use-cases-multimedia-_usecase_11.jpg]
[web/use-cases-washer.jpg]
[web/use-cases-air-purifier.jpg]
[web/use-cases-dishwasher.jpg]
[web/use-cases-alarm-keypad.jpg]
[web/use-cases-multimedia-_usecase_12.jpg]
[web/hey_siri.png]
[web/hey_google.png]
[web/hey_alexa.png]
[web/usecase-device-button.jpg]
[web/usecase-device-rgbw-controller.jpg]
[web/usecase-device-hc2-silver.jpg]
[web/index-31.html]
[web/category_safety_color.svg]
[web/secirity_video-movie-poster-mobile.jpg]
[web/security_one_app_mobile_us.jpg]
[web/security_one_app_tablet_us.jpg]
[web/security_one_app_us.jpg]
[web/use-cases-security-cards-01.jpg]
[web/use-cases-security-cards-02.jpg]
[web/use-cases-security-cards-03.jpg]
[web/use-cases-wallplug-us-2.jpg]
[web/use-cases-airsensor.jpg]
[web/use-cases-security-_usecase_9_us.jpg]
[web/use-cases-switch-3.jpg]
[web/use-cases-energy-2.jpg]
[web/use-cases-security-_usecase_11.jpg]
[web/use-cases-motion-2.jpg]
[web/use-cases-camera-standalone.jpg]
[web/use-cases-security-_usecase_10.jpg]
[web/use-cases-outdoor-motion.jpg]
[web/kamera_zewnetrzna-2.jpg]
[web/use-cases-smart-implant.jpg]
[web/use-cases-mobileapp.jpg]
[web/use-cases-safety-_usecase_2.jpg]
[web/use-cases-alarm.jpg]
[web/use-cases-safety-_usecase_8.jpg]
[web/use-cases-lock.jpg]
[web/use-cases-safety-_usecase_9_us.jpg]
[web/use-cases-dws-2.jpg]
[web/use-cases-motion-3.jpg]
[web/syrena.jpg]
[web/use-cases-safety-_usecase_4-2.jpg]
[web/usecase-device-smart-implant.jpg]
[web/usecase-device-dws.jpg]
[web/usecase-device-motion-sensor.jpg]
[web/usecase-device-wallplug-us.jpg]
[web/index-32.html]
[web/category_climate_color.svg]
[web/climate_video-movie-poster-mobile.jpg]
[web/climate_one_app_mobile_en.jpg]
[web/climate_one_app_tablet_en.jpg]
[web/climate_one_app_en.jpg]
[web/use-cases-climate-cards-01.jpg]
[web/use-cases-climate-cards-02.jpg]
[web/use-cases-climate-cards-03.jpg]
[web/use-cases-schedule.jpg]
[web/use-cases-ventilation.jpg]
[web/use-cases-klimatyzator.jpg]
[web/use-cases-climate-_usecase_1-2.jpg]
[web/use-cases-dws-3.jpg]
[web/use-cases-thermostat-2.jpg]
[web/use-cases-climate-_usecase_2.jpg]
[web/use-cases-climate-_usecase_10.jpg]
[web/use-cases-mobileapp-2.jpg]
[web/use-cases-climate-_usecase_11.jpg]
[web/use-cases-temperature.jpg]
[web/use-cases-climate-_usecase_13.jpg]
[web/usecase-device-dws-2.jpg]
[web/usecase-device-hc2-silver-2.jpg]
[web/index-33.html]
[web/category_mood_color.svg]
[web/mood_video-movie-poster-mobile.jpg]
[web/mood_one_app_mobile_en.jpg]
[web/mood_one_app_tablet_en.jpg]
[web/mood_one_app_en.jpg]
[web/use-cases-mood-cards-01.jpg]
[web/use-cases-mood-cards-02.jpg]
[web/use-cases-mood-cards-03.jpg]
[web/use-cases-wallplug-us-3.jpg]
[web/use-cases-fire.jpg]
[web/use-cases-mood-_usecase_2.jpg]
[web/use-cases-the-button-2.jpg]
[web/use-cases-mood-_usecase_7.jpg]
[web/use-cases-keyfob.jpg]
[web/markiza.jpg]
[web/use-cases-mood-_usecase_11.jpg]
[web/aromatyzer.jpg]
[web/use-cases-mood-_usecase_1.jpg]
[web/use-cases-weather.jpg]
[web/use-cases-mood-_usecase_10.jpg]
[web/use-cases-russound.jpg]
[web/use-cases-mood-_usecase_6.jpg]
[web/usecase-device-button-2.jpg]
[web/usecase-device-dimmer.jpg]
[web/usecase-device-rgbw-controller-2.jpg]
[web/usecase-device-motion-sensor-2.jpg]
[web/usecase-device-keyfob.jpg]
[web/index-34.html]
[web/category_garden_color.svg]
[web/garden_integrations_mobile_us.jpg]
[web/garden_integrations_desktop_off_us.jpg]
[web/garden_integrations_desktop_on_us.jpg]
[web/use-cases-garden-cards-01.jpg]
[web/use-cases-garden-cards-02.jpg]
[web/use-cases-garden-cards-03.jpg]
[web/use-cases-smart-implant-2.jpg]
[web/use-cases-weather-2.jpg]
[web/use-cases-humidity.jpg]
[web/use-cases-sprinkles-closed.jpg]
[web/use-cases-garden-_usecase_4.jpg]
[web/use-cases-garden-_usecase_6.jpg]
[web/use-cases-camera.jpg]
[web/use-cases-alarm-2.jpg]
[web/use-cases-garden-_usecase_5.jpg]
[web/sonos_3.jpg]
[web/use-cases-garden-_usecase_1_1.jpg]
[web/use-cases-garden-_usecase_3.jpg]
[web/hey_siri-2.png]
[web/hey_google-2.png]
[web/hey_alexa-2.png]
[web/usecase-device-switch.jpg]
[web/usecase-device-smart-implant-2.jpg]
[web/index-35.html]
[web/category_lightning_color.svg]
[web/use-cases-lighting-header-us.jpg]
[web/lighting_one_app_mobile.jpg]
[web/lighting_one_app_tablet.jpg]
[web/lighting_one_app.jpg]
[web/use-cases-lighting-cards-01-us.jpg]
[web/use-cases-lighting-cards-01.jpg]
[web/use-cases-lighting-cards-03-us.jpg]
[web/use-cases-lighting-_usecase_2.jpg]
[web/use-cases-lighting-_usecase_3.jpg]
[web/use-cases-night.jpg]
[web/use-cases-lighting-_usecase_5.jpg]
[web/use-cases-lighting-_usecase_1.jpg]
[web/index-36.html]
[web/decrease.svg]
[web/increase.svg]
[web/icon_dim.svg]
[web/icon_power.svg]
[web/icon_lightning.svg]
[web/icon_softstart.svg]
[web/sizes-left-us.svg]
[web/sizes-right-us.svg]
[web/icon_moviecamera.svg]
[web/icon_schemes.svg]
[web/icon_wireless.svg]
[web/icon_scenes.svg]
[web/icon_bell.svg]
[web/icon_alldevices.svg]
[web/icon_range.svg]
[web/manuals.svg]
[web/knowledge-base.svg]
[web/icon_power-2.svg]
[web/icon_lightning-2.svg]
[web/icon_singleswitch.svg]
[web/icon_wallsocket_us.svg]
[web/switches-sizes-left-imperial.svg]
[web/switches-sizes-right-imperial.svg]
[web/icon_bulb.svg]
[web/icon_projector.svg]
[web/icon_lamp.svg]
[web/icon_aircond.svg]
[web/icon_gamepad.svg]
[web/icon_tv.svg]
[web/icon_espresso.svg]
[web/icon_mixer.svg]
[web/icon_toaster.svg]
[web/icon_dishwasher.svg]
[web/icon_microwave.svg]
[web/icon_blender.svg]
[web/icon_hairdryer.svg]
[web/icon_hifi.svg]
[web/manuals-2.svg]
[web/knowledge-base-2.svg]
[web/index-37.html]
[web/sizes-front-us.svg]
[web/sizes-left-us-2.svg]
[web/sizes-right-us-2.svg]
[web/icon-power-switch.svg]
[web/icon-energy-meter.svg]
[web/icon-power-consumption.svg]
[web/usb-charging-icon.svg]
[web/icon-surge-protection.svg]
[web/night.svg]
[web/manuals-3.svg]
[web/knowledge-base-3.svg]
[web/index-38.html]
[web/z-wave-logo.svg]
[web/ic-wireless.svg]
[web/ic-zwave.svg]
[web/ic-onoff.svg]
[web/ic-data.svg]
[web/ic-light.svg]
[web/ic-projector.svg]
[web/ic-music.svg]
[web/switch_scene_light.svg]
[web/switch_scene_projector.svg]
[web/switch_scene_audio.svg]
[web/switch_scene_blinds.svg]
[web/ic-close.svg]
[web/motion-sizes-left-imperial.svg]
[web/motion-sizes-right-imperial.svg]
[web/homekit-logo-new-2.svg]
[web/homekit-logo-new-3.svg]
[web/sensitivity-human.svg]
[web/sensitivity-large-dog.svg]
[web/sensitivity-small-dog.svg]
[web/dws-size-left-imperial.svg]
[web/dws-size-right-imperial.svg]
[web/header-mobile-9.jpg]
[web/header-desktop-3.jpg]
[web/main-homekit-insided41d.css]
[web/jquery-3.1.1.mindb39.js]
[web/chosen.jquery.min.js]
[web/dot.mindb39.js]
[web/markerclusterer.mindb39.js]
[web/pin-active.png]
[web/vendor-homekitf93b.js]
[web/pin.png]
[web/main-homekit.2110191037.js]
[web/index-39.html]
[web/flood-sizes-left-imperial.svg]
[web/flood-sizes-right-imperial.svg]
[web/leak.svg]
[web/temperature.svg]
[web/lock.svg]
[web/sound.svg]
[web/telescope.svg]
[web/light.svg]
[web/keyfob-design-01-imperial.svg]
[web/complex-scenes.svg]
[web/for-home.svg]
[web/for-business.svg]
[web/for-emergencies.svg]
[web/thebutton-sizes-imperial.svg]
[web/ces_logo.svg]
[web/logo_apple.svg]
[web/logo_android.svg]
[web/haptic_icon.svg]
[web/mic_icon.svg]
[web/appstore-download.svg]
[web/google-play-badge.svg]
[web/index-40.html]
[web/icon-ecosystem.svg]
[web/icon_plugins.svg]
[web/icon_security.svg]
[web/icon_scenes-2.svg]
[web/icon_camera.svg]
[web/icon_temperature.svg]
[web/icon_music.svg]
[web/icon-multimedia.svg]
[web/icon-security.svg]
[web/icon-temperature.svg]
[web/icon-lights.svg]
[web/icon-home.svg]
[web/appstore-download-2.svg]
[web/google-play-badge-2.svg]
[web/smartthings_logo.svg]
[web/btn_samsung_tv_on.svg]
[web/btn_samsung_tv_off.svg]
[web/btn_light_on.svg]
[web/btn_light_off.svg]
[web/btn_wall_plug_on.svg]
[web/btn_wall_plug_off.svg]
[web/white_arrow.svg]
[web/appstore-download-3.svg]
[web/alarm-icon.svg]
[web/bulb-icon.svg]
[web/thermostat-icon.svg]
[web/icon_lightning-3.svg]
[web/manuals-4.svg]
[web/knowledge-base-4.svg]
[web/hk-device-flood.html]
[web/hk-device-motion.html]
[web/hk-device-dws.html]
[web/buttons-hk.html]
[web/get.html]
[web/error pjs - no image.html]
[web/icon-wireless.svg]
[web/icon-modularity.svg]
[web/icon-design.svg]
[web/icon-hand.svg]
[web/icon-voice.svg]
[web/icon-lock.svg]
[web/icon-shield.svg]
[web/icon-savings.svg]
[web/icon-thermo.svg]
[web/form-wait.gif]
[web/cf7.css]
[web/chosen-sprite.png]
[web/chosen-sprite@2x.png]
[web/chosen.css]
[web/swiper.min3ec8.css]
[web/select-drop-custom-2.svg]
[web/iconpin.svg]
[web/icontime.svg]
[web/iconwallet.svg]
[web/cant-find.png]
[web/preloader_48.gif]
[web/fibaro-installers-training-public.min3ec8.css]
[web/icon_chatbubbles.svg]
[web/icon_manuals.svg]
[web/icon_elearning.svg]
[web/icon_warranty.svg]
[web/icon_forum.svg]
[web/icon_videotuts.svg]
[web/icon_maclaptop.svg]
[web/icon_winlaptop.svg]
[web/icon_phonecall.svg]
[web/icon_distributor_contact.svg]
[web/icon_installer_contact.svg]
[web/index-41.html]
[web/icon_architect_contact.svg]
[web/index-42.html]
[web/icon_developer_contact.svg]
[web/icon_cart_contact.svg]
[web/flags.png]
[web/flags@2x.png]
[web/intltelinputf145.css]
[web/it-header-compo.svg]
[web/it-icon-app.svg]
[web/it_hc_icon.svg]
[web/it_savings_icon.svg]
[web/it_clients_icon.svg]
[web/it_alerts_icon.svg]
[web/google-play-badge-3.svg]
[web/webapp-badge.svg]
[web/up-arrow.svg]
[web/icon_patent.svg]
[web/main-homekit-insided41d.css]
[web/select-drop-custom-2.svg]
[web/iconpin.svg]
[web/icontime.svg]
[web/iconwallet.svg]
