[web/index.html]
[web/autoptimize_6f4b94b25abcfce2a4d2f7f0a666a35c.css]
[backblue.gif]
[fade.gif]
[index.html]
[web/smart-home-use-cases.jpg]
[web/mstile-144x144.png]
[web/mstile-70x70.png]
[web/mstile-150x150.png]
[web/favicon-16x16.png]
[web/favicon-32x32.png]
[web/favicon-96x96.png]
[web/favicon-128x128.png]
[web/favicon-196x196.png]
[web/apple-touch-icon-57x57.png]
[web/apple-touch-icon-60x60.png]
[web/apple-touch-icon-72x72.png]
[web/apple-touch-icon-76x76.png]
[web/apple-touch-icon-114x114.png]
[web/apple-touch-icon-120x120.png]
[web/apple-touch-icon-144x144.png]
[web/apple-touch-icon-152x152.png]
[web/apple-touch-icon-180x180.png]
[web/main.2906200724.css]
[web/jqueryb8ff.js]
[web/jquery-migrate.min330a.js]
[web/autoptimize_single_8ca24f8204da07daabfe76657e921627a4b6.js]
[web/nav_walli_2.jpg]
[web/nav-dimmer.jpg]
[web/nav-switches.jpg]
[web/nav-rgbw-1.jpg]
[web/wall_plugi_menu_icon_3.jpg]
[web/nav-roller-1.jpg]
[web/nav_smartimplant.png]
[web/nav-thermo.png]
[web/nav-smoke-1.jpg]
[web/nav-co.jpg]
[web/nav-intercom.jpg]
[web/nav-motion.jpg]
[web/nav-dws.jpg]
[web/nav-flood.jpg]
[web/nav-keyfob.jpg]
[web/index-2.html]
[web/nav-button.jpg]
[web/nav-swipe.jpg]
[web/index-3.html]
[web/nav_app.jpg]
[web/index-5.html]
[web/nav-hc2-black.jpg]
[web/index-4.html]
[web/nav-hc3-black.jpg]
[web/nav-hcl.jpg]
[web/nav-fibaro.png]
[web/nav-smartthings.png]
[web/nav-homekit.png]
[web/use-cases-timeline-01.jpg]
[web/use-cases-timeline-02.jpg]
[web/use-cases-timeline-03.jpg]
[web/use-cases-timeline-04.jpg]
[web/use-cases-timeline-05.jpg]
[web/use-cases-timeline-06.jpg]
[web/use-cases-timeline-07.jpg]
[web/use-cases-timeline-08.jpg]
[web/smart-home-system.png]
[web/lazysizes.min6b63.js]
[web/vendor.1912191358.js]
[web/main.2110191037.js]
[web/main-use-cases.0810191109.js]
[web/index.html]
[web/autoptimize_6f4b94b25abcfce2a4d2f7f0a666a35c.css]
[web/mstile-144x144.html]
[web/cant-find.3d.delayed]
[web/second-nav-bg.png]
[web/main.2906200724.css]
[web/gtm5445.html]
[web/autoptimize_ac555af369ac918e3561733dc8c69923.css]
[web/use-cases-lighting-header.jpg]
[web/lighting_video-movie-poster-mobile.jpg]
[web/lighting_one_app_mobile.jpg]
[web/lighting_one_app_tablet.jpg]
[web/lighting_one_app.jpg]
[web/use-cases-lighting-cards-01.jpg]
[web/use-cases-lighting-cards-02.jpg]
[web/use-cases-lighting-cards-03.jpg]
[web/use-cases-the-button.jpg]
[web/use-cases-switch.jpg]
[web/use-cases-lighting-_usecase_2.jpg]
[web/use-cases-wallplug.jpg]
[web/use-cases-lighting-_usecase_3.jpg]
[web/use-cases-motion.jpg]
[web/use-cases-walli-outlet.jpg]
[web/use-cases-lighting-_usecase_4.jpg]
[web/use-cases-night.jpg]
[web/use-cases-lighting-_usecase_5.jpg]
[web/use-cases-schedule.jpg]
[web/index-14.html]
[web/use-cases-lighting-_usecase_6.jpg]
[web/use-cases-lighting-_usecase_7.jpg]
[web/hey_siri.png]
[web/index-15.html]
[web/hey_google.png]
[web/hey_alexa.png]
[web/index-17.html]
[web/index-16.html]
[web/usecase-device-motion-sensor.jpg]
[web/usecase-device-button.jpg]
[web/usecase-device-walli-outlet.jpg]
[web/usecase-device-rgbw-controller.jpg]
[web/usecase-device-switch.jpg]
[web/usecase-device-hc2.jpg]
[web/index-2.html]
[web/use-cases-gates-header.jpg]
[web/use-cases-gates-header-2.jpg]
[web/multimedia_video-movie-poster-mobile.jpg]
[web/one_app_mobile.jpg]
[web/use-cases-voice-assistance-gates-mobile.jpg]
[web/one_app_tablet.jpg]
[web/use-cases-voice-assistance-gates-desktop.jpg]
[web/one_app.jpg]
[web/use-cases-gates-_usecase_1.jpg]
[web/use-cases-gates-_usecase_3.jpg]
[web/use-cases-gates-_usecase_2.jpg]
[web/use-cases-gates-_usecase_7.jpg]
[web/use-cases-alexa-google.jpg]
[web/use-cases-gates-_usecase_6.jpg]
[web/use-cases-cosensor.jpg]
[web/use-cases-gates-_usecase_8.jpg]
[web/use-cases-swipe.jpg]
[web/use-cases-hifi-2.jpg]
[web/use-cases-gates-_usecase_9.jpg]
[web/use-cases-scene.jpg]
[web/use-cases-gates-_usecase_5.jpg]
[web/usecase-device-roller-shutter.jpg]
[web/usecase-device-cosensor.jpg]
[web/usecase-device-swipe.jpg]
[web/usecase-device-dimmer.jpg]
[web/index-3.html]
[web/smart-hvac-climate-control.jpg]
[web/use-cases-climate-header.jpg]
[web/climate_video-movie-poster-mobile.jpg]
[web/climate_one_app_mobile_en.jpg]
[web/climate_one_app_tablet_en.jpg]
[web/climate_one_app_en.jpg]
[web/use-cases-climate-cards-01.jpg]
[web/use-cases-climate-cards-02.jpg]
[web/use-cases-climate-cards-03.jpg]
[web/use-cases-dws.jpg]
[web/use-cases-thermostat.jpg]
[web/use-cases-heatcontroller.jpg]
[web/use-cases-climate-_usecase_2.jpg]
[web/use-cases-schedule-2.jpg]
[web/use-cases-ventilation.jpg]
[web/use-cases-klimatyzator.jpg]
[web/use-cases-climate-_usecase_1.jpg]
[web/use-cases-alarm.jpg]
[web/use-cases-climate-_usecase_12.jpg]
[web/use-cases-mobileapp.jpg]
[web/heat_controller_red.jpg]
[web/use-cases-climate-_usecase_11.jpg]
[web/use-cases-temperature.jpg]
[web/use-cases-climate-_usecase_9.jpg]
[web/use-cases-cosensor-2.jpg]
[web/use-cases-airsensor.jpg]
[web/use-cases-climate-_usecase_10.jpg]
[web/usecase-device-switch-2.jpg]
[web/usecase-device-wallplug.jpg]
[web/usecase-device-dws.jpg]
[web/usecase-device-heat-controller.jpg]
[web/usecase-device-cosensor-2.jpg]
[web/usecase-device-hc2-2.jpg]
[web/index-4.html]
[web/smart-home-safety-fibaro.jpg]
[web/use-cases-safety-header.jpg]
[web/secirity_video-movie-poster-mobile.jpg]
[web/safety_one_app_mobile.jpg]
[web/use-cases-voice-assistance-mobile.jpg]
[web/safety_one_app_tablet.jpg]
[web/use-cases-voice-assistance-desktop.jpg]
[web/safety_one_app.jpg]
[web/use-cases-safety-_usecase_1.jpg]
[web/use-cases-safety-_usecase_6.jpg]
[web/use-cases-safety-_usecase_7.jpg]
[web/use-cases-outdoor-motion.jpg]
[web/kamera_zewnetrzna.jpg]
[web/use-cases-smart-implant.jpg]
[web/use-cases-mobileapp-2.jpg]
[web/use-cases-safety-_usecase_2.jpg]
[web/use-cases-dws-2.jpg]
[web/syrena.jpg]
[web/use-cases-safety-_usecase_4.jpg]
[web/use-cases-safety-_usecase_8.jpg]
[web/use-cases-intercom.jpg]
[web/use-cases-lock.jpg]
[web/use-cases-safety-_usecase_9.jpg]
[web/use-cases-safety-_usecase_3.jpg]
[web/usecase-device-smart-implant.jpg]
[web/usecase-device-dws-2.jpg]
[web/usecase-device-intercom.jpg]
[web/index-5.html]
[web/index-6.html]
[web/index-7.html]
[web/index-8.html]
[web/index-9.html]
[web/index-10.html]
[web/index-11.html]
[web/index-12.html]
[web/index-13.html]
[web/cant-find.html]
[web/autoptimize_ac555af369ac918e3561733dc8c69923.css]
[web/smart-surveillance-system.jpg]
[web/use-cases-security-header.jpg]
[web/security_video-movie-poster-mobile.jpg]
[web/security_one_app_mobile_en.jpg]
[web/security_one_app_tablet_en.jpg]
[web/security_one_app_en.jpg]
[web/use-cases-security-cards-01.jpg]
[web/use-cases-security-cards-02.jpg]
[web/use-cases-security-cards-03.jpg]
[web/use-cases-smoke.jpg]
[web/use-cases-wallplug-2.jpg]
[web/use-cases-switch-2.jpg]
[web/use-cases-security-_usecase_7.jpg]
[web/use-cases-security-_usecase_8.jpg]
[web/use-cases-walli-outlet-2.jpg]
[web/use-cases-roof-window.jpg]
[web/use-cases-security-_usecase_9.jpg]
[web/use-cases-motion-2.jpg]
[web/use-cases-camera-standalone.jpg]
[web/use-cases-security-_usecase_10.jpg]
[web/use-cases-energy.jpg]
[web/use-cases-security-_usecase_11.jpg]
[web/usecase-device-flood.jpg]
[web/usecase-device-motion-sensor-2.jpg]
[web/usecase-device-smoke.jpg]
[web/usecase-device-walli-outlet-2.jpg]
[web/usecase-device-rgbw-controller-2.jpg]
[web/index-14.html]
[web/smart-home-appliances.jpg]
[web/use-cases-multimedia-header.jpg]
[web/multimedia_integrations_mobile.jpg]
[web/multimedia_video-movie-poster-desktop.jpg]
[web/multimedia_integrations_desktop_off.jpg]
[web/multimedia_integrations_desktop_on.jpg]
[web/use-cases-multimedia-_usecase_2.jpg]
[web/use-cases-multimedia-_usecase_8.jpg]
[web/use-cases-multimedia-_usecase_4.jpg]
[web/use-cases-irobot2.jpg]
[web/use-cases-multimedia-_usecase_9.jpg]
[web/use-cases-washer.jpg]
[web/heat_controller_orange.jpg]
[web/use-cases-multimedia-_usecase_10.jpg]
[web/tv.jpg]
[web/use-cases-multimedia-_usecase_11.jpg]
[web/use-cases-air-purifier.jpg]
[web/use-cases-dishwasher.jpg]
[web/use-cases-alarm-keypad.jpg]
[web/use-cases-multimedia-_usecase_12.jpg]
[web/use-cases-multimedia-_usecase_13.jpg]
[web/usecase-device-walli.jpg]
[web/usecase-device-heat-controller-2.jpg]
[web/usecase-device-wallplug-2.jpg]
[web/usecase-device-keyfob.jpg]
[web/index-15.html]
[web/mood_video-movie-poster-mobile.jpg]
[web/mood_one_app_mobile_en.jpg]
[web/mood_one_app_tablet_en.jpg]
[web/mood_one_app_en.jpg]
[web/use-cases-mood-cards-01.jpg]
[web/use-cases-mood-cards-02.jpg]
[web/use-cases-mood-cards-03.jpg]
[web/use-cases-the-button-2.jpg]
[web/sonos_4.jpg]
[web/use-cases-mood-_usecase_6.jpg]
[web/aromatyzer.jpg]
[web/use-cases-mood-_usecase_1.jpg]
[web/use-cases-fire.jpg]
[web/use-cases-mood-_usecase_2.jpg]
[web/use-cases-mood-_usecase_7.jpg]
[web/use-cases-mood-_usecase_8.jpg]
[web/use-cases-keyfob.jpg]
[web/markiza.jpg]
[web/use-cases-mood-_usecase_9.jpg]
[web/use-cases-weather.jpg]
[web/use-cases-heatcontroller-2.jpg]
[web/use-cases-mood-_usecase_10.jpg]
[web/usecase-device-button-2.jpg]
[web/usecase-device-dimmer-2.jpg]
[web/usecase-device-keyfob-2.jpg]
[web/usecase-device-roller-shutter-2.jpg]
[web/index-16.html]
[web/use-cases-garden-header.jpg]
[web/multimedia_video-movie-poster-mobile-2.jpg]
[web/garden_integrations_mobile.jpg]
[web/use-cases-voice-assistance-mobile-2.jpg]
[web/use-cases-voice-assistance-desktop-2.jpg]
[web/garden_integrations_desktop_off.jpg]
[web/garden_integrations_desktop_on.jpg]
[web/use-cases-garden-cards-01.jpg]
[web/use-cases-garden-cards-02.jpg]
[web/use-cases-garden-cards-03.jpg]
[web/sonos_3.jpg]
[web/use-cases-garden-_usecase_1_1.jpg]
[web/use-cases-smart-implant-2.jpg]
[web/use-cases-weather-2.jpg]
[web/use-cases-humidity.jpg]
[web/use-cases-sprinkles-closed.jpg]
[web/use-cases-garden-_usecase_4.jpg]
[web/use-cases-garden-_usecase_3.jpg]
[web/use-cases-garden-_usecase_6.jpg]
[web/use-cases-camera.jpg]
[web/use-cases-alarm-2.jpg]
[web/use-cases-garden-_usecase_5.jpg]
[web/hey_siri-2.png]
[web/hey_google-2.png]
[web/hey_alexa-2.png]
[web/usecase-device-smart-implant-2.jpg]
[web/index-17.html]
