[web/index.html]
[backblue.gif]
[fade.gif]
[index.html]
[web/facebook-hc2.jpg]
[web/twitter-hc2.jpg]
[web/mstile-144x144.png]
[web/mstile-70x70.png]
[web/mstile-150x150.png]
[web/favicon-16x16.png]
[web/favicon-32x32.png]
[web/favicon-96x96.png]
[web/favicon-128x128.png]
[web/favicon-196x196.png]
[web/apple-touch-icon-57x57.png]
[web/apple-touch-icon-60x60.png]
[web/apple-touch-icon-72x72.png]
[web/apple-touch-icon-76x76.png]
[web/apple-touch-icon-114x114.png]
[web/apple-touch-icon-120x120.png]
[web/apple-touch-icon-144x144.png]
[web/apple-touch-icon-152x152.png]
[web/apple-touch-icon-180x180.png]
[web/main.2906200724.css]
[web/timed-contenta4b6.css]
[web/jqueryb8ff.js]
[web/jquery-migrate.min330a.js]
[web/timed-contenta4b6.js]
[web/header_bg_1_mobile-us.jpg]
[web/header_bg_2_mobile_small-us.jpg]
[web/header_bg_3_mobile_small-us.jpg]
[web/header_bg_4_mobile_small-us.jpg]
[web/header_bg_5_mobile_small-us.jpg]
[web/header_bg_6_mobile-us.jpg]
[web/panels-1_m.jpg]
[web/panels-2_m.jpg]
[web/panels-3_m.jpg]
[web/panels-4_m.jpg]
[web/usecase-1_m.jpg]
[web/usecase-2_m.jpg]
[web/usecase-3_m.jpg]
[web/usecase-4_m.jpg]
[web/data-safety-us.jpg]
[web/performance_mobile-us.jpg]
[web/offline_mobile-us.jpg]
[web/range_mobile_zwave.jpg]
[web/range_mobile_wifi.jpg]
[web/installer_app_mobile-us.jpg]
[web/smart-implant-specification-mobile.jpg]
[web/smart-implant-specification.jpg]
[web/data-safety-1-us.jpg]
[web/data-safety-2-us.jpg]
[web/performance-1-us.jpg]
[web/performance-2-us.jpg]
[web/offline-us.jpg]
[web/installer_app-us.jpg]
[web/header_bg_1-us.jpg]
[web/header_bg_2-us.png]
[web/header_bg_3-us.png]
[web/header_bg_7.jpg]
[web/header_bg_4.png]
[web/header_bg_5.png]
[web/header_bg_6.png]
[web/header_bg_8-us.jpg]
[web/nav-dimmer.jpg]
[web/nav-relay.jpg]
[web/nav-rgbw-1.jpg]
[web/ikona_wp_us_menu.jpg]
[web/nav_smartimplant.png]
[web/nav-motion.jpg]
[web/nav-dws.jpg]
[web/nav-flood.jpg]
[web/nav-keyfob.jpg]
[web/nav-button.jpg]
[web/nav-swipe.jpg]
[web/nav_app.jpg]
[web/nav-hc2.jpg]
[web/nav-hcl.jpg]
[web/nav-fibaro.png]
[web/nav-smartthings.png]
[web/nav-homekit.png]
[web/google_assistant_logo.png]
[web/amazon_alexa_logo.png]
[web/applications.png]
[web/hc2-packshot-silver.jpg]
[web/hc2-packshot-us.jpg]
[web/smart-home-system.png]
[web/main.2110191037.js]
[web/vendor.1912191358.js]
[web/index-2.html]
[web/main-hc2-extended.0412180642.js]
[web/index.html]
[web/mstile-144x144.html]
[web/cant-find.png]
[web/second-nav-bg.png]
[web/main.2906200724.css]
[web/timed-contenta4b6.css]
[web/gtm5445.html]
[web/index-2.html]
[web/cant-find.html]
