[web/index.html]
[backblue.gif]
[fade.gif]
[index.html]
[web/facebook-dimmer.jpg]
[web/twitter-dimmer.jpg]
[web/mstile-144x144.png]
[web/mstile-70x70.png]
[web/mstile-150x150.png]
[web/favicon-16x16.png]
[web/favicon-32x32.png]
[web/favicon-96x96.png]
[web/favicon-128x128.png]
[web/favicon-196x196.png]
[web/apple-touch-icon-57x57.png]
[web/apple-touch-icon-60x60.png]
[web/apple-touch-icon-72x72.png]
[web/apple-touch-icon-76x76.png]
[web/apple-touch-icon-114x114.png]
[web/apple-touch-icon-120x120.png]
[web/apple-touch-icon-144x144.png]
[web/apple-touch-icon-152x152.png]
[web/apple-touch-icon-180x180.png]
[web/main.2906200724.css]
[web/timed-contenta4b6.css]
[web/jqueryb8ff.js]
[web/jquery-migrate.min330a.js]
[web/timed-contenta4b6.js]
[web/match-most-mobile.jpg]
[web/header-mobile-off.jpg]
[web/header-mobile-on.jpg]
[web/poster.jpg]
[web/voice-control-mobile-1.jpg]
[web/easy-setup-mobile-us.jpg]
[web/light-source-mobile.jpg]
[web/light-you-need-mobile.jpg]
[web/energy-meter-mobile.jpg]
[web/worldwide-access-mobile.jpg]
[web/adjust-light-off-mobile.jpg]
[web/adjust-light-on-mobile.jpg]
[web/wherever-mobile-2.jpg]
[web/wherever-mobile-3.jpg]
[web/footer-bg-mobile.jpg]
[web/header-desktop-off.jpg]
[web/header-desktop-on.jpg]
[web/voice-control-desktop-1.jpg]
[web/easy-setup-desktop-us.jpg]
[web/match-most-switches-desktop-us.jpg]
[web/light-source-desktop.jpg]
[web/light-you-need-desktop.jpg]
[web/energy-meter-desktop.jpg]
[web/worldwide-access-desktop.jpg]
[web/adjust-light-off-desktop.jpg]
[web/adjust-light-on-desktop.jpg]
[web/wherever-desktop-2.jpg]
[web/wherever-desktop-3.jpg]
[web/footer-bg-desktop.jpg]
[web/nav-dimmer.jpg]
[web/nav-relay.jpg]
[web/nav-rgbw-1.jpg]
[web/ikona_wp_us_menu.jpg]
[web/nav_smartimplant.png]
[web/nav-motion.jpg]
[web/nav-dws.jpg]
[web/nav-flood.jpg]
[web/nav-keyfob.jpg]
[web/nav-button.jpg]
[web/nav-swipe.jpg]
[web/nav_app.jpg]
[web/nav-hc2.jpg]
[web/nav-hcl.jpg]
[web/nav-fibaro.png]
[web/nav-smartthings.png]
[web/nav-homekit.png]
[web/device.jpg]
[web/match-most-switches-mobile-us.png]
[web/dimmer2.jpg]
[web/smart-home-system.png]
[web/vendor.1912191358.js]
[web/main.2110191037.js]
[web/index.html]
[web/main-dimmer.2211170905.js]
[web/mstile-144x144.html]
[web/cant-find.png]
[web/second-nav-bg.png]
[web/main.2906200724.css]
[web/timed-contenta4b6.css]
[web/gtm5445.html]
[web/cant-find.html]
