[web/index.html]
[backblue.gif]
[fade.gif]
[index.html]
[web/mstile-144x144.png]
[web/mstile-70x70.png]
[web/mstile-150x150.png]
[web/favicon-16x16.png]
[web/favicon-32x32.png]
[web/favicon-96x96.png]
[web/favicon-128x128.png]
[web/favicon-196x196.png]
[web/apple-touch-icon-57x57.png]
[web/apple-touch-icon-60x60.png]
[web/apple-touch-icon-72x72.png]
[web/apple-touch-icon-76x76.png]
[web/apple-touch-icon-114x114.png]
[web/apple-touch-icon-120x120.png]
[web/apple-touch-icon-144x144.png]
[web/apple-touch-icon-152x152.png]
[web/apple-touch-icon-180x180.png]
[web/main.2906200724.css]
[web/timed-contenta4b6.css]
[web/jqueryb8ff.js]
[web/jquery-migrate.min330a.js]
[web/timed-contenta4b6.js]
[web/header_mobile.jpg]
[web/design_01_mobile.jpg]
[web/design_02.jpg]
[web/design_03.jpg]
[web/design_04_mobile.jpg]
[web/panels-1_m.jpg]
[web/panels-2_m.jpg]
[web/panels-3_m.jpg]
[web/panels-4_m.jpg]
[web/range-container_bg.png]
[web/composition.jpg]
[web/power_metering_mobile.jpg]
[web/installer_mobile.jpg]
[web/walli_line_mobile.jpg]
[web/clicks_bg.jpg]
[web/clicks_single.jpg]
[web/clicks_triple-1.jpg]
[web/clicks_triple-2.jpg]
[web/clicks_hold.jpg]
[web/ring_selector_switch.png]
[web/click_up.png]
[web/click_down.png]
[web/power_metering_tablet.jpg]
[web/walli_line.jpg]
[web/header.jpg]
[web/alexa_desktop_off.jpg]
[web/alexa_desktop_on.jpg]
[web/power_metering.jpg]
[web/installer.jpg]
[web/nav_walli_2.jpg]
[web/nav-dimmer.jpg]
[web/nav-switches.jpg]
[web/nav-rgbw-1.jpg]
[web/wall_plugi_menu_icon_3.jpg]
[web/nav-roller-1.jpg]
[web/nav_smartimplant.png]
[web/nav-thermo.png]
[web/nav-smoke-1.jpg]
[web/nav-co.jpg]
[web/nav-intercom.jpg]
[web/nav-motion.jpg]
[web/nav-dws.jpg]
[web/nav-flood.jpg]
[web/nav-keyfob.jpg]
[web/nav-button.jpg]
[web/nav-swipe.jpg]
[web/nav_app.jpg]
[web/nav-hc2-black.jpg]
[web/nav-hc3-black.jpg]
[web/nav-hcl.jpg]
[web/nav-fibaro.png]
[web/nav-smartthings.png]
[web/nav-homekit.png]
[web/design_01.jpg]
[web/design_04.jpg]
[web/ring_selector_outlet.png]
[web/switch_icon.png]
[web/wall-sockets.png]
[web/usecase_1.jpg]
[web/usecase_1_switch_2.png]
[web/usecase_2.jpg]
[web/usecase_2_dimmer.png]
[web/usecase_3.jpg]
[web/usecase_3_outlet_2.png]
[web/usecase_4.jpg]
[web/usecase_4_roller_shutter.png]
[web/usecase_5.jpg]
[web/usecase_5_switch.png]
[web/usecase_6.jpg]
[web/usecase_6.png]
[web/google_assistant_logo.png]
[web/amazon_alexa_logo.png]
[web/alexa_mobile_glow.png]
[web/alexa_mobile.png]
[web/mobile-app.png]
[web/smart-home-system.png]
[web/main.2110191037.js]
[web/index.html]
[web/main-walli.0801190907.js]
[web/mstile-144x144.html]
[web/vendor.1912191358.js]
[web/cant-find.png]
[web/second-nav-bg.png]
[web/main.2906200724.css]
[web/timed-contenta4b6.css]
[web/gtm5445.html]
[web/cant-find.html]
