[web/index.html]
[backblue.gif]
[fade.gif]
[index.html]
[web/miniatura-social-media-facebook-flood-sensor.jpg]
[web/twitter-flood-sensor.jpg]
[web/mstile-144x144.png]
[web/mstile-70x70.png]
[web/mstile-150x150.png]
[web/favicon-16x16.png]
[web/favicon-32x32.png]
[web/favicon-96x96.png]
[web/favicon-128x128.png]
[web/favicon-196x196.png]
[web/apple-touch-icon-57x57.png]
[web/apple-touch-icon-60x60.png]
[web/apple-touch-icon-72x72.png]
[web/apple-touch-icon-76x76.png]
[web/apple-touch-icon-114x114.png]
[web/apple-touch-icon-120x120.png]
[web/apple-touch-icon-144x144.png]
[web/apple-touch-icon-152x152.png]
[web/apple-touch-icon-180x180.png]
[web/main.2906200724.css]
[web/timed-contenta4b6.css]
[web/jqueryb8ff.js]
[web/jquery-migrate.min330a.js]
[web/timed-contenta4b6.js]
[web/header-mobile-4.jpg]
[web/header-1.jpg]
[web/movie-poster-1.jpg]
[web/nature-mobile.jpg]
[web/nature.jpg]
[web/siri-mobile-1.jpg]
[web/siri-1.jpg]
[web/homekit-enabled-mobile-us.jpg]
[web/homekit-enabled-us.jpg]
[web/safety-first-mobile.jpg]
[web/safety-first.jpg]
[web/trustworthy-mobile-us.jpg]
[web/reliable-video-bg.png]
[web/smart-notifications-mobile.jpg]
[web/notifications.jpg]
[web/submerge-mobile.jpg]
[web/submerge.jpg]
[web/wall-mobile.jpg]
[web/wall.jpg]
[web/reach-1-mobile.jpg]
[web/reach-1.jpg]
[web/reach-2-mobile.jpg]
[web/reach-2.jpg]
[web/reach-3-mobile.jpg]
[web/reach-3.jpg]
[web/movie-poster2.jpg]
[web/smart-safety-mobile.jpg]
[web/smart-safety.jpg]
[web/floor-heating-mobile.jpg]
[web/floor-heating.jpg]
[web/nav-dimmer.jpg]
[web/nav-relay.jpg]
[web/nav-rgbw-1.jpg]
[web/ikona_wp_us_menu.jpg]
[web/nav_smartimplant.png]
[web/nav-motion.jpg]
[web/nav-dws.jpg]
[web/nav-flood.jpg]
[web/nav-keyfob.jpg]
[web/nav-button.jpg]
[web/nav-swipe.jpg]
[web/nav_app.jpg]
[web/nav-hc2.jpg]
[web/nav-hcl.jpg]
[web/nav-fibaro.png]
[web/nav-smartthings.png]
[web/nav-homekit.png]
[web/sensor.png]
[web/sensor-top.png]
[web/trustworthy-phone-us.png]
[web/notifications-phone-1.png]
[web/awards-td.png]
[web/awards-if.png]
[web/awards-ida.png]
[web/choose-homekit-1.png]
[web/choose-zwave-1.png]
[web/smart-home-system.png]
[web/vendor.1912191358.js]
[web/main.2110191037.js]
[web/index.html]
[web/mstile-144x144.html]
[web/cant-find.png]
[web/second-nav-bg.png]
[web/main.2906200724.css]
[web/timed-contenta4b6.css]
[web/gtm5445.html]
[web/cant-find.html]
