[web/index.html]
[backblue.gif]
[fade.gif]
[index.html]
[web/mstile-144x144.png]
[web/mstile-70x70.png]
[web/mstile-150x150.png]
[web/favicon-16x16.png]
[web/favicon-32x32.png]
[web/favicon-96x96.png]
[web/favicon-128x128.png]
[web/favicon-196x196.png]
[web/apple-touch-icon-57x57.png]
[web/apple-touch-icon-60x60.png]
[web/apple-touch-icon-72x72.png]
[web/apple-touch-icon-76x76.png]
[web/apple-touch-icon-114x114.png]
[web/apple-touch-icon-120x120.png]
[web/apple-touch-icon-144x144.png]
[web/apple-touch-icon-152x152.png]
[web/apple-touch-icon-180x180.png]
[web/main.2906200724.css]
[web/timed-contenta4b6.css]
[web/jqueryb8ff.js]
[web/jquery-migrate.min330a.js]
[web/timed-contenta4b6.js]
[web/ic-intro-desktop.jpg]
[web/ic-weather-rain-mobile.jpg]
[web/ic-weather-frost-mobile.jpg]
[web/header_intercome_mobile.jpg]
[web/sound_section_mobile.jpg]
[web/recordings_mobile.jpg]
[web/worldwide_mobile.jpg]
[web/screens_iphone_mobile.jpg]
[web/image_section_mobile.jpg]
[web/intercom-doors_mobile.jpg]
[web/back_home_mobile.jpg]
[web/open_pin_mobile.jpg]
[web/kids_back_mobile.jpg]
[web/doorbell_hand_mobile.jpg]
[web/gate_close_mobile.jpg]
[web/gate_open_mobile.jpg]
[web/tamper_security_mobile.jpg]
[web/security_ipad_mobile.jpg]
[web/monitoring_mobile.jpg]
[web/instalation_mobile.jpg]
[web/specification_mobile.jpg]
[web/ic-weather-rain.jpg]
[web/ic-weather-frost.jpg]
[web/header_intercome.jpg]
[web/sound_section.jpg]
[web/recordings.jpg]
[web/worldwide.jpg]
[web/screens_iphone.jpg]
[web/image_section.jpg]
[web/intercom-doors.jpg]
[web/intercom-doors-night.jpg]
[web/back_home.jpg]
[web/open_pin.jpg]
[web/kids_back.jpg]
[web/doorbell_hand.jpg]
[web/gate_open.jpg]
[web/gate_close.jpg]
[web/tamper_security.jpg]
[web/security_ipad.jpg]
[web/monitoring.jpg]
[web/instalation.jpg]
[web/specification.jpg]
[web/nav_walli_2.jpg]
[web/nav-dimmer.jpg]
[web/nav-switches.jpg]
[web/nav-rgbw-1.jpg]
[web/wall_plugi_menu_icon_3.jpg]
[web/nav-roller-1.jpg]
[web/nav_smartimplant.png]
[web/nav-thermo.png]
[web/nav-smoke-1.jpg]
[web/nav-co.jpg]
[web/nav-intercom.jpg]
[web/nav-motion.jpg]
[web/nav-dws.jpg]
[web/nav-flood.jpg]
[web/nav-keyfob.jpg]
[web/nav-button.jpg]
[web/nav-swipe.jpg]
[web/nav_app.jpg]
[web/nav-hc2-black.jpg]
[web/nav-hc3-black.jpg]
[web/nav-hcl.jpg]
[web/nav-fibaro.png]
[web/nav-smartthings.png]
[web/nav-homekit.png]
[web/ic-denoise-poster.jpg]
[web/ic-voice-message.jpg]
[web/ic-hdr-mobile-off.jpg]
[web/ic-hdr-mobile-on.jpg]
[web/ic-hdr-movie-preview.jpg]
[web/night_iphone.png]
[web/ic-open-voice-command.jpg]
[web/ic-open-bluetooth-nfc.jpg]
[web/ic-open-app.jpg]
[web/intercom-iphone.png]
[web/ic-babysitter.jpg]
[web/ic-babysitter_en_active.jpg]
[web/index-2.html]
[web/ic-gardener.jpg]
[web/ic-gardener_en_active.jpg]
[web/ic-housekeeper.jpg]
[web/ic-housekeeper_en_active.jpg]
[web/ic-trainer.jpg]
[web/ic-trainer_en_active.jpg]
[web/ic-family.jpg]
[web/ic-family_en_active.jpg]
[web/slider_slide1_m.jpg]
[web/slider_slide1.jpg]
[web/slider_slide2_m.jpg]
[web/slider_slide2.jpg]
[web/slider_slide3_m.jpg]
[web/slider_slide3.jpg]
[web/tamper_security_iphone.png]
[web/security_ipad_cam.png]
[web/packshot_intercom.jpg]
[web/smart-home-system.png]
[web/vendor.1912191358.js]
[web/main.2110191037.js]
[web/main-intercom.1812171037.js]
[web/index.html]
[web/mstile-144x144.html]
[web/cant-find.png]
[web/second-nav-bg.png]
[web/main.2906200724.css]
[web/timed-contenta4b6.css]
[web/gtm5445.html]
[web/index-2.html]
[web/cant-find.html]
