[web/index.html]
[backblue.gif]
[fade.gif]
[index.html]
[web/mstile-144x144.png]
[web/mstile-70x70.png]
[web/mstile-150x150.png]
[web/favicon-16x16.png]
[web/favicon-32x32.png]
[web/favicon-96x96.png]
[web/favicon-128x128.png]
[web/favicon-196x196.png]
[web/apple-touch-icon-57x57.png]
[web/apple-touch-icon-60x60.png]
[web/apple-touch-icon-72x72.png]
[web/apple-touch-icon-76x76.png]
[web/apple-touch-icon-114x114.png]
[web/apple-touch-icon-120x120.png]
[web/apple-touch-icon-144x144.png]
[web/apple-touch-icon-152x152.png]
[web/apple-touch-icon-180x180.png]
[web/main.2906200724.css]
[web/timed-contenta4b6.css]
[web/jqueryb8ff.js]
[web/jquery-migrate.min330a.js]
[web/timed-contenta4b6.js]
[web/ubs_header_mobile.jpg]
[web/features_bg.jpg]
[web/gate_mobile_bg.jpg]
[web/alarm_mobile_bg.jpg]
[web/termostat_mobile_bg.jpg]
[web/sensors_mobile_bg.jpg]
[web/audio_mobile_bg.jpg]
[web/switch_mobile_bg.jpg]
[web/smart-implant-specification-mobile.jpg]
[web/smart-implant-specification.jpg]
[web/ubs_header_static.jpg]
[web/ubs_bg.jpg]
[web/ubs_device.png]
[web/ubs_p1.png]
[web/ubs_p2.png]
[web/nav-dimmer.jpg]
[web/nav-relay.jpg]
[web/nav-rgbw-1.jpg]
[web/ikona_wp_us_menu.jpg]
[web/nav_smartimplant.png]
[web/nav-motion.jpg]
[web/nav-dws.jpg]
[web/nav-flood.jpg]
[web/nav-keyfob.jpg]
[web/nav-button.jpg]
[web/nav-swipe.jpg]
[web/nav_app.jpg]
[web/nav-hc2.jpg]
[web/nav-hcl.jpg]
[web/nav-fibaro.png]
[web/nav-smartthings.png]
[web/nav-homekit.png]
[web/google_assistant_logo.png]
[web/amazon_alexa_logo.png]
[web/index-2.html]
[web/ifttt_logo.png]
[web/smart-implant-functions-top-light.png]
[web/smart-implant-circuit-mobile.jpg]
[web/smart-implant-circuit.jpg]
[web/gate_blind.jpg]
[web/smart_implant_moving.png]
[web/gate_blind_mask.png]
[web/gate_real.jpg]
[web/gate_gate.png]
[web/gate_gate_mask.png]
[web/alarm_blind.jpg]
[web/alarm_blind_mask.png]
[web/alarm_real.jpg]
[web/alarm_armed.png]
[web/termostat_blind.jpg]
[web/termostat_blind_mask.png]
[web/termostat_real.jpg]
[web/termostat_half.jpg]
[web/sensors_blind.jpg]
[web/sensors_blind_mask.png]
[web/sensors_real.jpg]
[web/audio_blind.jpg]
[web/audio_blind_mask.png]
[web/audio_real.jpg]
[web/audio_half.jpg]
[web/switch_blind.jpg]
[web/switch_blind_mask.png]
[web/switch_real_on.jpg]
[web/switch_real_off_flat.jpg]
[web/smart-implant-special-tasks.png]
[web/smart-implant-special-tasks-bg.png]
[web/smart-implant-special-tasks-top-bg.png]
[web/smart-implant-packshot.jpg]
[web/smart-home-system.png]
[web/vendor.1912191358.js]
[web/main.2110191037.js]
[web/main-smart-implant-en.0801191300.js]
[web/index.html]
[web/mstile-144x144.html]
[web/cant-find.png]
[web/second-nav-bg.png]
[web/main.2906200724.css]
[web/timed-contenta4b6.css]
[web/gtm5445.html]
[web/index-2.html]
[web/cant-find.html]
