[web/index.html]
[backblue.gif]
[fade.gif]
[index.html]
[web/facebook-rgbw.jpg]
[web/twitter-rgbw-controller.jpg]
[web/mstile-144x144.png]
[web/mstile-70x70.png]
[web/mstile-150x150.png]
[web/favicon-16x16.png]
[web/favicon-32x32.png]
[web/favicon-96x96.png]
[web/favicon-128x128.png]
[web/favicon-196x196.png]
[web/apple-touch-icon-57x57.png]
[web/apple-touch-icon-60x60.png]
[web/apple-touch-icon-72x72.png]
[web/apple-touch-icon-76x76.png]
[web/apple-touch-icon-114x114.png]
[web/apple-touch-icon-120x120.png]
[web/apple-touch-icon-144x144.png]
[web/apple-touch-icon-152x152.png]
[web/apple-touch-icon-180x180.png]
[web/main.2906200724.css]
[web/timed-contenta4b6.css]
[web/jqueryb8ff.js]
[web/jquery-migrate.min330a.js]
[web/timed-contenta4b6.js]
[web/header_mobile.jpg]
[web/color-0.jpg]
[web/color-1.jpg]
[web/color-2.jpg]
[web/color-3.jpg]
[web/color-4.jpg]
[web/color-5.jpg]
[web/color-6.jpg]
[web/color-7.jpg]
[web/color-8.jpg]
[web/color-9.jpg]
[web/color-10.jpg]
[web/color-11.jpg]
[web/color-12.jpg]
[web/color-13.jpg]
[web/color-14.jpg]
[web/color-15.jpg]
[web/device_bg_mobile.jpg]
[web/voice_control_mobile.jpg]
[web/interior_00_mobile.jpg]
[web/app_mobile.jpg]
[web/work_desk_base-cold_mobile.jpg]
[web/work_desk_base-warm_mobile.jpg]
[web/favorite_colors_mobile.jpg]
[web/color_world_mobile_bg.jpg]
[web/color_world_mobile.jpg]
[web/child_room_mobile.jpg]
[web/thief_mobile.jpg]
[web/pool_mobile.jpg]
[web/kitchen_bg_mobile.jpg]
[web/kitchen_3_mobile.png]
[web/kitchen_1_mobile.png]
[web/kitchen_4_mobile.png]
[web/kitchen_2_mobile.png]
[web/power_metering_mobile.jpg]
[web/packshot-bg.jpg]
[web/footer-bg-mobile.jpg]
[web/header-2-1.jpg]
[web/header-1-1.jpg]
[web/device_bg.jpg]
[web/voice_control.jpg]
[web/work_desk_base-cold.jpg]
[web/work_desk_base-warm.jpg]
[web/app.jpg]
[web/favorite_colors.jpg]
[web/color_world.jpg]
[web/child_room.jpg]
[web/thief.jpg]
[web/pool.jpg]
[web/kitchen_bg.jpg]
[web/kitchen_3.png]
[web/kitchen_1.png]
[web/kitchen_4.png]
[web/kitchen_2.png]
[web/power_metering.jpg]
[web/footer-bg-desktop.jpg]
[web/interior_00.jpg]
[web/nav-dimmer.jpg]
[web/nav-relay.jpg]
[web/nav-rgbw-1.jpg]
[web/ikona_wp_us_menu.jpg]
[web/nav_smartimplant.png]
[web/nav-motion.jpg]
[web/nav-dws.jpg]
[web/nav-flood.jpg]
[web/nav-keyfob.jpg]
[web/nav-button.jpg]
[web/nav-swipe.jpg]
[web/nav_app.jpg]
[web/nav-hc2.jpg]
[web/nav-hcl.jpg]
[web/nav-fibaro.png]
[web/nav-smartthings.png]
[web/nav-homekit.png]
[web/device_mobile.png]
[web/tablet_interior.png]
[web/interior_01_mobile.jpg]
[web/interior_02_mobile.jpg]
[web/interior_03_mobile.jpg]
[web/scene-deep_ocean.jpg]
[web/scene-fireplace.jpg]
[web/index-2.html]
[web/scene-fireworks.jpg]
[web/scene-jungle.jpg]
[web/scene-thunderstorm.jpg]
[web/program1.png]
[web/program2.png]
[web/program3.png]
[web/program4.png]
[web/packshot-rgbw2.png]
[web/smart-home-system.png]
[web/vendor.1912191358.js]
[web/main.2110191037.js]
[web/main-rgbw-controller.1604180844.js]
[web/index.html]
[web/mstile-144x144.html]
[web/cant-find.png]
[web/second-nav-bg.png]
[web/main.2906200724.css]
[web/timed-contenta4b6.css]
[web/gtm5445.html]
[web/index-2.html]
[web/cant-find.html]
[web/scene-aurora.jpg]
