[web/index.html]
[backblue.gif]
[fade.gif]
[index.html]
[web/facebook-co-sensor.jpg]
[web/twitter-co-sensor.jpg]
[web/mstile-144x144.png]
[web/mstile-70x70.png]
[web/mstile-150x150.png]
[web/favicon-16x16.png]
[web/favicon-32x32.png]
[web/favicon-96x96.png]
[web/favicon-128x128.png]
[web/favicon-196x196.png]
[web/apple-touch-icon-57x57.png]
[web/apple-touch-icon-60x60.png]
[web/apple-touch-icon-72x72.png]
[web/apple-touch-icon-76x76.png]
[web/apple-touch-icon-114x114.png]
[web/apple-touch-icon-120x120.png]
[web/apple-touch-icon-144x144.png]
[web/apple-touch-icon-152x152.png]
[web/apple-touch-icon-180x180.png]
[web/main.2906200724.css]
[web/timed-contenta4b6.css]
[web/jqueryb8ff.js]
[web/jquery-migrate.min330a.js]
[web/timed-contenta4b6.js]
[web/header-mobile.jpg]
[web/header-co-desktop.jpg]
[web/poster-bottom.jpg]
[web/confidence.jpg]
[web/chart-mobile-1.png]
[web/chart-mobile-2.png]
[web/chart-mobile-3.png]
[web/chart-bg-healthy-mobile.jpg]
[web/chart-bg-alarm-mobile.jpg]
[web/chart-bg-moderate-mobile.jpg]
[web/well-being-mobile.jpg]
[web/well-being-desktop.jpg]
[web/silent-danger-mobile.jpg]
[web/silent-danger-desktop.jpg]
[web/state-1-mobile.jpg]
[web/state-2-mobile.jpg]
[web/state-3-mobile.jpg]
[web/state-1-desktop.jpg]
[web/state-2-desktop.jpg]
[web/state-3-desktop.jpg]
[web/charts-sprite.jpg]
[web/system-integration-mobile.jpg]
[web/system-integration-desktop.jpg]
[web/siri-mobile.jpg]
[web/siri-desktop.jpg]
[web/monitor-areas-1-mobile.jpg]
[web/monitor-areas-2-mobile.jpg]
[web/monitor-areas-3-mobile.jpg]
[web/monitor-areas-1-desktop.jpg]
[web/monitor-areas-2-desktop.jpg]
[web/monitor-areas-3-desktop.jpg]
[web/co-notifications-mobile.jpg]
[web/co-notifications-desktop.jpg]
[web/kids-room-mobile.jpg]
[web/kids-room-desktop.jpg]
[web/standalone-mobile.jpg]
[web/standalone-desktop.jpg]
[web/homekit-enabled-mobile.jpg]
[web/homekit-enabled.jpg]
[web/poster-top.jpg]
[web/nav_walli_2.jpg]
[web/nav-dimmer.jpg]
[web/nav-switches.jpg]
[web/nav-rgbw-1.jpg]
[web/wall_plugi_menu_icon_3.jpg]
[web/nav-roller-1.jpg]
[web/nav_smartimplant.png]
[web/nav-thermo.png]
[web/nav-smoke-1.jpg]
[web/nav-co.jpg]
[web/nav-intercom.jpg]
[web/nav-motion.jpg]
[web/nav-dws.jpg]
[web/nav-flood.jpg]
[web/nav-keyfob.jpg]
[web/nav-button.jpg]
[web/nav-swipe.jpg]
[web/nav_app.jpg]
[web/nav-hc2-black.jpg]
[web/nav-hc3-black.jpg]
[web/nav-hcl.jpg]
[web/nav-fibaro.png]
[web/nav-smartthings.png]
[web/nav-homekit.png]
[web/od-still-1.jpg]
[web/od-still-2.jpg]
[web/od-still-3.jpg]
[web/od-still-4.jpg]
[web/features-frame-zero.jpg]
[web/od-still-1-mobile.jpg]
[web/od-still-2-mobile.jpg]
[web/od-still-3-mobile.jpg]
[web/od-still-4-mobile.jpg]
[web/co-iphone.png]
[web/choose-homekit.png]
[web/choose-zwave.png]
[web/smart-home-system.png]
[web/vendor.1912191358.js]
[web/main.2110191037.js]
[web/main-co-sensor.2211170905.js]
[web/index.html]
[web/mstile-144x144.html]
[web/cant-find.png]
[web/second-nav-bg.png]
[web/main.2906200724.css]
[web/timed-contenta4b6.css]
[web/gtm5445.html]
[web/cant-find.html]
