[web/index.html]
[backblue.gif]
[fade.gif]
[index.html]
[web/heat-controller-facebook.jpg]
[web/heat-controller-twitter.jpg]
[web/mstile-144x144.png]
[web/mstile-70x70.png]
[web/mstile-150x150.png]
[web/favicon-16x16.png]
[web/favicon-32x32.png]
[web/favicon-96x96.png]
[web/favicon-128x128.png]
[web/favicon-196x196.png]
[web/apple-touch-icon-57x57.png]
[web/apple-touch-icon-60x60.png]
[web/apple-touch-icon-72x72.png]
[web/apple-touch-icon-76x76.png]
[web/apple-touch-icon-114x114.png]
[web/apple-touch-icon-120x120.png]
[web/apple-touch-icon-144x144.png]
[web/apple-touch-icon-152x152.png]
[web/apple-touch-icon-180x180.png]
[web/main.2906200724.css]
[web/timed-contenta4b6.css]
[web/jqueryb8ff.js]
[web/jquery-migrate.min330a.js]
[web/timed-contenta4b6.js]
[web/parallax_bg.jpg]
[web/control-off-mobile.jpg]
[web/control-on-mobile.jpg]
[web/head-colors-sprite.png]
[web/day-routine-mobile.jpg]
[web/external1-mobile.jpg]
[web/external2-mobile.jpg]
[web/energy-savings-mobile.jpg]
[web/boiler-mobile.jpg]
[web/room-characteristics-mobile.jpg]
[web/office1s-mobile.jpg]
[web/office2s-mobile.jpg]
[web/office3s-mobile.jpg]
[web/precision-measurement-mobile.jpg]
[web/open-window-mobile.jpg]
[web/mounts-mobile.jpg]
[web/minute-install-mobile.jpg]
[web/voice-control-mobile.jpg]
[web/remote-access-mobile.jpg]
[web/coming-home-1-mobile.jpg]
[web/coming-home-2-mobile.jpg]
[web/slide_korytarz_bg_mobile.jpg]
[web/slide_lazienka_bg_mobile.jpg]
[web/slide_grzejnik_podlogowy.jpg]
[web/slide_salon_bg_mobile.jpg]
[web/screeny_iphone_info_m.jpg]
[web/screeny_iphone_history_m.jpg]
[web/screeny_iphone_setup_m.jpg]
[web/child-safety-mobile.jpg]
[web/instant-reaction-mobile.jpg]
[web/holiday-mobile.jpg]
[web/against-cold-mobile.jpg]
[web/cold-mobile.jpg]
[web/coop-mobile.jpg]
[web/calibration-mobile.jpg]
[web/th-header-mobile.jpg]
[web/control-off-desktop.jpg]
[web/control-on-desktop.jpg]
[web/day-routine-desktop.jpg]
[web/energy-savings-desktop.jpg]
[web/boiler-desktop.jpg]
[web/room-characteristics-desktop.jpg]
[web/office1s.jpg]
[web/office2s.jpg]
[web/office3s.jpg]
[web/precision-measurement-desktop.jpg]
[web/open-window-desktop.jpg]
[web/slide_korytarz_bg.jpg]
[web/slide_lazienka_bg.jpg]
[web/slide_salon_bg.jpg]
[web/minute-install-desktop.jpg]
[web/voice-control-desktop.jpg]
[web/remote-access-desktop.jpg]
[web/child-safety-desktop.jpg]
[web/instant-reaction-desktop.jpg]
[web/holiday-desktop.jpg]
[web/against-cold-desktop.jpg]
[web/cold-desktop.jpg]
[web/energy-class-desktop.jpg]
[web/energy-class-desktop-ff.jpg]
[web/external1-desktop.jpg]
[web/external2-desktop.jpg]
[web/mount-desktop.jpg]
[web/coop-desktop.jpg]
[web/coming-home-1-desktop.jpg]
[web/coming-home-2-desktop.jpg]
[web/screeny_iphone_info.jpg]
[web/screeny_iphone_history.jpg]
[web/screeny_iphone_setup.jpg]
[web/calibration-desktop.jpg]
[web/nav_walli_2.jpg]
[web/nav-dimmer.jpg]
[web/nav-switches.jpg]
[web/nav-rgbw-1.jpg]
[web/wall_plugi_menu_icon_3.jpg]
[web/nav-roller-1.jpg]
[web/nav_smartimplant.png]
[web/nav-thermo.png]
[web/nav-smoke-1.jpg]
[web/nav-co.jpg]
[web/nav-intercom.jpg]
[web/nav-motion.jpg]
[web/nav-dws.jpg]
[web/nav-flood.jpg]
[web/nav-keyfob.jpg]
[web/nav-button.jpg]
[web/nav-swipe.jpg]
[web/nav_app.jpg]
[web/nav-hc2-black.jpg]
[web/nav-hc3-black.jpg]
[web/nav-hcl.jpg]
[web/nav-fibaro.png]
[web/nav-smartthings.png]
[web/nav-homekit.png]
[web/th-header-video-bg.jpg]
[web/the_heat_controller_hk_still.jpg]
[web/cr-device.png]
[web/th-many-functions.jpg]
[web/th-many-functions-desktop.jpg]
[web/room-by-room-1.jpg]
[web/room-by-room-2.jpg]
[web/room-by-room-3.jpg]
[web/room-scan-poster.jpg]
[web/room-scan-slide1.jpg]
[web/room-scan-slide2.jpg]
[web/room-scan-slide3.jpg]
[web/common-head.png]
[web/fibaro-head.png]
[web/fibaro-head-blue.png]
[web/minute-install-play.png]
[web/control_s1_p.jpg]
[web/control_s2_p.jpg]
[web/control_s3_p.jpg]
[web/control_s4_p.jpg]
[web/descaling-poster.jpg]
[web/pack-all-hk.jpg]
[web/pack-sensor-hk.jpg]
[web/pack-nosensor-hk.jpg]
[web/pack-all-zw.jpg]
[web/pack-head-sensor-zw.jpg]
[web/pack-head-zw.jpg]
[web/pack-sensor.jpg]
[web/smart-home-system.png]
[web/vendor.1912191358.js]
[web/main.2110191037.js]
[web/main-thermostat.0812171413.js]
[web/index.html]
[web/mstile-144x144.html]
[web/cant-find.png]
[web/second-nav-bg.png]
[web/main.2906200724.css]
[web/timed-contenta4b6.css]
[web/gtm5445.html]
[web/cant-find.html]
