[web/index.html]
[backblue.gif]
[fade.gif]
[index.html]
[web/mstile-144x144.png]
[web/mstile-70x70.png]
[web/mstile-150x150.png]
[web/favicon-16x16.png]
[web/favicon-32x32.png]
[web/favicon-96x96.png]
[web/favicon-128x128.png]
[web/favicon-196x196.png]
[web/apple-touch-icon-57x57.png]
[web/apple-touch-icon-60x60.png]
[web/apple-touch-icon-72x72.png]
[web/apple-touch-icon-76x76.png]
[web/apple-touch-icon-114x114.png]
[web/apple-touch-icon-120x120.png]
[web/apple-touch-icon-144x144.png]
[web/apple-touch-icon-152x152.png]
[web/apple-touch-icon-180x180.png]
[web/main.2906200724.css]
[web/timed-contenta4b6.css]
[web/jqueryb8ff.js]
[web/jquery-migrate.min330a.js]
[web/timed-contenta4b6.js]
[web/nav-dimmer.jpg]
[web/nav-relay.jpg]
[web/nav-rgbw-1.jpg]
[web/ikona_wp_us_menu.jpg]
[web/nav_smartimplant.png]
[web/nav-motion.jpg]
[web/nav-dws.jpg]
[web/nav-flood.jpg]
[web/nav-keyfob.jpg]
[web/nav-button.jpg]
[web/nav-swipe.jpg]
[web/nav_app.jpg]
[web/nav-hc2.jpg]
[web/nav-hcl.jpg]
[web/nav-fibaro.png]
[web/nav-smartthings.png]
[web/nav-homekit.png]
[web/header-mobile-base.png]
[web/header-mobile-switch.png]
[web/header-mobile-button.png]
[web/header-mobile-button-shadow.png]
[web/header-static-desktop.jpg]
[web/header-mobile-switches.jpg]
[web/zw_still.jpg]
[web/device-zw-mobile.jpg]
[web/device-zw.jpg]
[web/universal-applications-mobile-us.jpg]
[web/universal-applications-desktop-us.jpg]
[web/easy-setup-mobile-us.jpg]
[web/easy_setup_us.jpg]
[web/power-metering-mobile.jpg]
[web/multifunc-1-mobile.jpg]
[web/multifunc-3-mobile.jpg]
[web/multifunc-2-desktop.jpg]
[web/multifunc-1-desktop.jpg]
[web/multifunc-3-desktop.jpg]
[web/worldwide-access-mobile.jpg]
[web/worldwide-access-desktop.jpg]
[web/standby-dark-mobile-us.jpg]
[web/standby-light-mobile-us.jpg]
[web/standby-dark-desktop-us.jpg]
[web/standby-light-desktop-us.jpg]
[web/never-forget-mobile.jpg]
[web/never-forget-desktop.jpg]
[web/relay-device.jpg]
[web/relay-device-double.jpg]
[web/footer-bg-mobile.jpg]
[web/footer-bg-desktop.jpg]
[web/smart-home-system.png]
[web/main.2110191037.js]
[web/vendor.1912191358.js]
[web/main-switches.2211170905.js]
[web/index.html]
[web/mstile-144x144.html]
[web/cant-find.png]
[web/second-nav-bg.png]
[web/main.2906200724.css]
[web/timed-contenta4b6.css]
[web/gtm5445.html]
[web/cant-find.html]
[web/multifunc-2-mobile.jpg]
