[web/index.html]
[backblue.gif]
[fade.gif]
[index.html]
[web/smart-home-app-dashboards.jpg]
[web/mstile-144x144.png]
[web/mstile-70x70.png]
[web/mstile-150x150.png]
[web/favicon-16x16.png]
[web/favicon-32x32.png]
[web/favicon-96x96.png]
[web/favicon-128x128.png]
[web/favicon-196x196.png]
[web/apple-touch-icon-57x57.png]
[web/apple-touch-icon-60x60.png]
[web/apple-touch-icon-72x72.png]
[web/apple-touch-icon-76x76.png]
[web/apple-touch-icon-114x114.png]
[web/apple-touch-icon-120x120.png]
[web/apple-touch-icon-144x144.png]
[web/apple-touch-icon-152x152.png]
[web/apple-touch-icon-180x180.png]
[web/main.2906200724.css]
[web/timed-contenta4b6.css]
[web/jqueryb8ff.js]
[web/jquery-migrate.min330a.js]
[web/timed-contenta4b6.js]
[web/app_header_mobile.jpg]
[web/day_mobile.jpg]
[web/almost_night_mobile.jpg]
[web/night_mobile.jpg]
[web/parallax_mobile.jpg]
[web/download_mobile.jpg]
[web/access_home_mobile.jpg]
[web/access_work_mobile.jpg]
[web/access_home.jpg]
[web/access_work.jpg]
[web/day.jpg]
[web/almost_night.jpg]
[web/night.jpg]
[web/parallax.jpg]
[web/circlebg.png]
[web/nav-dimmer.jpg]
[web/nav-relay.jpg]
[web/nav-rgbw-1.jpg]
[web/ikona_wp_us_menu.jpg]
[web/nav_smartimplant.png]
[web/nav-motion.jpg]
[web/nav-dws.jpg]
[web/nav-flood.jpg]
[web/nav-keyfob.jpg]
[web/nav-button.jpg]
[web/nav-swipe.jpg]
[web/nav_app.jpg]
[web/nav-hc2.jpg]
[web/nav-hcl.jpg]
[web/nav-fibaro.png]
[web/nav-smartthings.png]
[web/nav-homekit.png]
[web/top_animation.jpg]
[web/header_reveal.png]
[web/dashboard_circles.png]
[web/dashboard_rooms_bottom.png]
[web/dashboard_bitmap.png]
[web/dashboard_scenes_bottom.png]
[web/dashboard_phone2.png]
[web/performance_app.png]
[web/numbers_phone.jpg]
[web/machinelearning.jpg]
[web/bg_alarm@2x.jpg]
[web/app_alarm@2x.png]
[web/bg_shutters@2x.jpg]
[web/app_shutters@2x.png]
[web/bg_lights@2x.jpg]
[web/app_lights@2x.png]
[web/bg_thermostat@2x.jpg]
[web/app_thermostat@2x.png]
[web/bg_moviescene@2x.jpg]
[web/app_scenes@2x.png]
[web/one_login_bg.jpg]
[web/code_long.jpg]
[web/fireplace_blue.jpg]
[web/fireplace_1.jpg]
[web/phone_siri_2x.png]
[web/siri_avatar.png]
[web/suggestion_1.jpg]
[web/suggestion_2.jpg]
[web/siri_sugestions@2x.png]
[web/siri_final_stage@2x.png]
[web/spotlight.jpg]
[web/phone_bg@2x.png]
[web/homepod_bg_1.jpg]
[web/homepod_bg_2.jpg]
[web/homepod@2x.png]
[web/app-icon_2x.png]
[web/android.png]
[web/iphonex.png]
[web/smart-home-system.png]
[web/vendor.1912191358.js]
[web/main.2110191037.js]
[web/main-application.3101191134.js]
[web/index.html]
[web/mstile-144x144.html]
[web/cant-find.png]
[web/second-nav-bg.png]
[web/main.2906200724.css]
[web/timed-contenta4b6.css]
[web/gtm5445.html]
[web/cant-find.html]
