[web/index.html]
[backblue.gif]
[fade.gif]
[index.html]
[web/miniatura-social-media-facebook-motion-sensor.jpg]
[web/twitter-motion-sensor.jpg]
[web/mstile-144x144.png]
[web/mstile-70x70.png]
[web/mstile-150x150.png]
[web/favicon-16x16.png]
[web/favicon-32x32.png]
[web/favicon-96x96.png]
[web/favicon-128x128.png]
[web/favicon-196x196.png]
[web/apple-touch-icon-57x57.png]
[web/apple-touch-icon-60x60.png]
[web/apple-touch-icon-72x72.png]
[web/apple-touch-icon-76x76.png]
[web/apple-touch-icon-114x114.png]
[web/apple-touch-icon-120x120.png]
[web/apple-touch-icon-144x144.png]
[web/apple-touch-icon-152x152.png]
[web/apple-touch-icon-180x180.png]
[web/main.2906200724.css]
[web/timed-contenta4b6.css]
[web/jqueryb8ff.js]
[web/jquery-migrate.min330a.js]
[web/timed-contenta4b6.js]
[web/header-mobile-3.jpg]
[web/motion-canvas-bg.jpg]
[web/movie-poster.jpg]
[web/inspired-mobile.jpg]
[web/inspired.jpg]
[web/full-mobility-mobile.jpg]
[web/works-with-other-mobile-on.jpg]
[web/works-with-other-mobile-off.jpg]
[web/works-with-other-on.jpg]
[web/works-with-other-off.jpg]
[web/homekit-enabled-mobile-us.jpg]
[web/homekit-enabled-us.jpg]
[web/siri-mobile.jpg]
[web/siri.jpg]
[web/colors-temp-mobile-us.jpg]
[web/colors-temp-us.jpg]
[web/security-mobile.jpg]
[web/security.jpg]
[web/notifications-mobile.jpg]
[web/dog.jpg]
[web/instant-notifications-mobile.jpg]
[web/baby.jpg]
[web/adjust-mobile.jpg]
[web/adjust.jpg]
[web/wake-up-mobile.jpg]
[web/wake-up.jpg]
[web/child-night-mobile.jpg]
[web/child-night.jpg]
[web/sensitivity-mobile.jpg]
[web/sensitivity-on.png]
[web/sensitivity-off.png]
[web/sensitivity.jpg]
[web/apps-mobile-us.jpg]
[web/apps-us.jpg]
[web/nav-dimmer.jpg]
[web/nav-relay.jpg]
[web/nav-rgbw-1.jpg]
[web/ikona_wp_us_menu.jpg]
[web/nav_smartimplant.png]
[web/nav-motion.jpg]
[web/nav-dws.jpg]
[web/nav-flood.jpg]
[web/nav-keyfob.jpg]
[web/nav-button.jpg]
[web/nav-swipe.jpg]
[web/nav_app.jpg]
[web/nav-hc2.jpg]
[web/nav-hcl.jpg]
[web/nav-fibaro.png]
[web/nav-smartthings.png]
[web/nav-homekit.png]
[web/sizes-eye.png]
[web/butterfly-anim.gif]
[web/composition.jpg]
[web/multisensor.png]
[web/ipad-motion-us.png]
[web/notifications-phone.png]
[web/iphone6.png]
[web/platform-logos.png]
[web/choose-homekit.png]
[web/choose-zwave.png]
[web/smart-home-system.png]
[web/vendor.1912191358.js]
[web/main.2110191037.js]
[web/main-motion-sensor.0712171329.js]
[web/index.html]
[web/mstile-144x144.html]
[web/cant-find.png]
[web/second-nav-bg.png]
[web/main.2906200724.css]
[web/timed-contenta4b6.css]
[web/gtm5445.html]
[web/cant-find.html]
